05-13 22:34:13.751 23115 23115 D nativeloader: Load /data/app/~~jPENOtP63v-x5ngpnYYtYw==/com.mentoraappnew-9AAVoMHU-SksbomFtYyxUQ==/base.apk!/lib/x86_64/libreact_codegen_safeareacontext.so using class loader ns clns-9 (caller=/data/app/~~jPENOtP63v-x5ngpnYYtYw==/com.mentoraappnew-9AAVoMHU-SksbomFtYyxUQ==/base.apk!classes2.dex): ok
05-13 22:34:13.788 23115 23115 D nativeloader: Load /data/app/~~jPENOtP63v-x5ngpnYYtYw==/com.mentoraappnew-9AAVoMHU-SksbomFtYyxUQ==/base.apk!/lib/x86_64/libappmodules.so using class loader ns clns-9 (caller=/data/app/~~jPENOtP63v-x5ngpnYYtYw==/com.mentoraappnew-9AAVoMHU-SksbomFtYyxUQ==/base.apk!classes2.dex): ok
05-13 22:34:13.852  3139  4274 W HWUI    : Failed to choose config with EGL_SWAP_BEHAVIOR_PRESERVED, retrying without...
05-13 22:34:13.853  3139  4274 W HWUI    : Failed to initialize 101010-2 format, error = EGL_SUCCESS
05-13 22:34:13.897  3139  3637 W HWUI    : Image decoding logging dropped!
05-13 22:34:13.924   735  1373 V Configuration: Updating configuration, locales updated from [] to [en_US]
05-13 22:34:13.925   735  1373 V Configuration: Updating configuration, locales updated from [] to [en_US]
05-13 22:34:13.925   735  1373 V Configuration: Updating configuration, locales updated from [] to [en_US]
05-13 22:34:13.925   735  1373 V Configuration: Updating configuration, locales updated from [] to [en_US]
05-13 22:34:13.925   735  1373 V Configuration: Updating configuration, locales updated from [] to [en_US]
05-13 22:34:13.926   735  1373 V Configuration: Updating configuration, locales updated from [] to [en_US]
05-13 22:34:13.926   735  1373 V Configuration: Updating configuration, locales updated from [] to [en_US]
05-13 22:34:13.928   735   992 D BackgroundInstallControlService: Package event received: 0
05-13 22:34:13.929 17416 17726 I Icing   : Usage reports ok 0, Failed Usage reports 0, indexed 0, rejected 0
05-13 22:34:13.938 23115 23115 I Choreographer: Skipped 101 frames!  The application may be doing too much work on its main thread.
05-13 22:34:13.944  3139  3637 W HWUI    : Image decoding logging dropped!
05-13 22:34:13.946 23115 23115 I m.mentoraappnew: AssetManager2(0x75840f2451d8) locale list changing from [] to [en-US]
05-13 22:34:13.947 23115 23162 I DisplayManager: Choreographer implicitly registered for the refresh rate.
05-13 22:34:14.060 23115 23115 D AppCompatDelegate: Checking for metadata for AppLocalesMetadataHolderService : Service not found
05-13 22:34:14.061 23115 23115 I m.mentoraappnew: AssetManager2(0x75840f2499b8) locale list changing from [] to [en-US]
05-13 22:34:14.070 23115 23115 E ashmem  : Pinning is deprecated since Android Q. Please use trim or other methods.
05-13 22:34:14.178   735   735 W Looper  : Slow dispatch took 169ms main app=system_server main=true group=FOREGROUND h=android.app.ActivityThread$H c=android.app.LoadedApk$ReceiverDispatcher$Args$$ExternalSyntheticLambda0@2d32020 m=0
05-13 22:34:14.207 17416 17726 I Icing   : Indexing com.google.android.gms-apps from com.google.android.gms
05-13 22:34:14.229 23115 23162 I EGL_emulation: Opening libGLESv1_CM_emulation.so
05-13 22:34:14.232 23115 23162 I EGL_emulation: Opening libGLESv2_emulation.so
05-13 22:34:14.249 23115 23115 W unknown:BridgelessReact: ReactHost{0}.startSurface(surfaceId = 0): Schedule
05-13 22:34:14.250 23115 23115 W unknown:BridgelessReact: ReactHost{0}.attachSurface(surfaceId = 0)
05-13 22:34:14.253 23115 23166 W unknown:BridgelessReact: ReactHost{0}.getOrCreateReactInstanceTask()
05-13 22:34:14.258 23115 23166 W unknown:BridgelessReact: ReactHost{0}.getOrCreateReactInstanceTask(): Start
05-13 22:34:14.259 23115 23166 W unknown:BridgelessReact: ReactHost{0}.getJSBundleLoader()
05-13 22:34:14.260 23115 23162 W HWUI    : Failed to choose config with EGL_SWAP_BEHAVIOR_PRESERVED, retrying without...
05-13 22:34:14.262 23115 23162 W HWUI    : Failed to initialize 101010-2 format, error = EGL_SUCCESS
05-13 22:34:14.263 23115 23166 W unknown:BridgelessReact: ReactHost{0}.getOrCreateReactInstanceTask(): Creating BridgelessReactContext
05-13 22:34:14.266 23115 23166 W unknown:BridgelessReact: ReactHost{0}.getOrCreateReactInstanceTask(): Creating ReactInstance
05-13 22:34:14.273 23115 23115 D CompatChangeReporter: Compat change id reported: 377864165; UID 10217; state: ENABLED
05-13 22:34:14.278 23115 23115 D DesktopModeFlags: Toggle override initialized to: OVERRIDE_UNSET
05-13 22:34:14.299 23115 23166 D nativeloader: Load /data/app/~~jPENOtP63v-x5ngpnYYtYw==/com.mentoraappnew-9AAVoMHU-SksbomFtYyxUQ==/base.apk!/lib/x86_64/libhermesvm.so using class loader ns clns-9 (caller=/data/app/~~jPENOtP63v-x5ngpnYYtYw==/com.mentoraappnew-9AAVoMHU-SksbomFtYyxUQ==/base.apk!classes2.dex): ok
05-13 22:34:14.312 23115 23166 D nativeloader: Load /data/app/~~jPENOtP63v-x5ngpnYYtYw==/com.mentoraappnew-9AAVoMHU-SksbomFtYyxUQ==/base.apk!/lib/x86_64/libhermestooling.so using class loader ns clns-9 (caller=/data/app/~~jPENOtP63v-x5ngpnYYtYw==/com.mentoraappnew-9AAVoMHU-SksbomFtYyxUQ==/base.apk!classes2.dex): ok
05-13 22:34:14.312 23115 23166 D jni_lib_merge: Entering merged library JNI_OnLoad.
05-13 22:34:14.313 23115 23166 D jni_lib_merge: Preparing 4 pre-merged libs (including stub)
05-13 22:34:14.314 23115 23166 D jni_lib_merge: Preparing to register libhermes_executor_so.  onload_func: 0x7581c1ca0a00
05-13 22:34:14.314 23115 23166 D jni_lib_merge: Preparing to register libhermesinstancejni_so.  onload_func: 0x7581c1ca8190
05-13 22:34:14.314 23115 23166 D jni_lib_merge: Preparing to register libjsijniprofiler_so.  onload_func: 0x7581c1ca8920
05-13 22:34:14.314 23115 23166 D jni_lib_merge: About to register 3 actual methods.
05-13 22:34:14.333 17416 17726 I gle.android.gms: AssetManager2(0x75840f251078) locale list changing from [] to [en-US]
05-13 22:34:14.366 23115 23115 W unknown:BridgelessReact: ReactHost{0}.onHostResume(activity)
05-13 22:34:14.366 23115 23115 W unknown:BridgelessReact: ReactHost{0}.ReactContext.onHostResume()
05-13 22:34:14.370 17416 17726 I Icing   : Indexing done com.google.android.gms-apps
05-13 22:34:14.428 23115 23115 W HWUI    : Unknown dataspace 0
05-13 22:34:14.457 18053 18057 W .apps.wellbeing: Suspending all threads took: 12.657ms
05-13 22:34:14.461   735  1850 D CoreBackPreview: Window{6acab4d u0 com.mentoraappnew/com.mentoraappnew.MainActivity}: Setting back callback OnBackInvokedCallbackInfo{mCallback=android.window.IOnBackInvokedCallback$Stub$Proxy@74ab13, mPriority=-1, mIsAnimationCallback=false, mOverrideBehavior=0}
05-13 22:34:14.463   735  1761 D CoreBackPreview: Window{6acab4d u0 com.mentoraappnew/com.mentoraappnew.MainActivity}: Setting back callback OnBackInvokedCallbackInfo{mCallback=android.window.IOnBackInvokedCallback$Stub$Proxy@17ed150, mPriority=0, mIsAnimationCallback=true, mOverrideBehavior=0}
05-13 22:34:14.717   735   771 I ActivityTaskManager: Displayed com.mentoraappnew/.MainActivity for user 0: +2s673ms
05-13 22:34:14.723  7578  7578 D BaseDepthController: setSurface:
05-13 22:34:14.723  7578  7578 D BaseDepthController: 	mWaitingOnSurfaceValidity: false
05-13 22:34:14.723  7578  7578 D BaseDepthController: 	mBaseSurface: null
05-13 22:34:14.727  7578  7578 D BaseDepthController: mSurface is null and mCurrentBlur is: 0
05-13 22:34:14.756  7578  7578 D StateManager: goToState - fromState: Normal, toState: Normal, partial trace:
05-13 22:34:14.756  7578  7578 D StateManager: 	at com.android.launcher3.statemanager.StateManager.moveToRestState(go/retraceme 72a59688580715d19f0e415c69e80376c2f062d1648c80db6730905005a27c20:4)
05-13 22:34:14.756  7578  7578 D StateManager: 	at com.android.launcher3.statemanager.StateManager.moveToRestState(go/retraceme 72a59688580715d19f0e415c69e80376c2f062d1648c80db6730905005a27c20:1)
05-13 22:34:14.756  7578  7578 D StateManager: 	at com.android.launcher3.statemanager.StatefulActivity.onStop(go/retraceme 72a59688580715d19f0e415c69e80376c2f062d1648c80db6730905005a27c20:34)
05-13 22:34:14.760  7578  7578 D StatsLog: LAUNCHER_ONSTOP
05-13 22:34:14.769  7578  7578 D StatsLog: LAUNCHER_GOOGLE_SEARCH_RESTORE_LIST_SIZE_AFTER_ACTIVITY_RESTART
05-13 22:34:14.782   735   892 I ImeTracker: com.mentoraappnew:9d51327: onRequestHide at ORIGIN_SERVER reason HIDE_UNSPECIFIED_WINDOW fromUser false
05-13 22:34:14.820 23115 23115 D InsetsController: hide(ime(), fromIme=false)
05-13 22:34:14.820 23115 23115 I ImeTracker: com.mentoraappnew:9d51327: onCancelled at PHASE_CLIENT_ALREADY_HIDDEN
05-13 22:34:14.901 10426 10426 I GoogleInputMethodService: GoogleInputMethodService.onFinishInput():2186 
05-13 22:34:14.914 10426 10426 I Module  : DeviceLockedStatusModuleProvider$Module.updateDeviceLockedStatus():103 repeatCheckTimes = 0, locked = false
05-13 22:34:14.926   735  1850 I ImeTracker: system_server:28bedc82: onRequestHide at ORIGIN_SERVER reason IME_REQUESTED_CHANGED_LISTENER fromUser false
05-13 22:34:14.927   735   992 D BackgroundInstallControlService: Package event received: 0
05-13 22:34:14.929 10426 10426 I GoogleInputMethodService: GoogleInputMethodService.onStartInput():1444 onStartInput(EditorInfo{EditorInfo{packageName=com.mentoraappnew, inputType=0, inputTypeString=NULL, enableLearning=false, autoCorrection=false, autoComplete=false, imeOptions=0, privateImeOptions=null, actionName=UNSPECIFIED, actionLabel=null, initialSelStart=-1, initialSelEnd=-1, initialCapsMode=0, label=null, fieldId=0, fieldName=null, extras=null, hintText=null, hintLocales=[]}}, false)
05-13 22:34:14.942 10426 10426 I AndroidIME: LatinIMEBase.updateInputViewCoverNavigation():321 Update input view padding, isNavbarOverInputWindow=true, bottom inset=66
05-13 22:34:14.955 17947 18047 I FontLog : (REDACTED) Received query %s, URI %s
05-13 22:34:14.956 17947 18047 I FontLog : (REDACTED) Query [%s] resolved to %s
05-13 22:34:14.959 10426 10426 I Module  : DeviceLockedStatusModuleProvider$Module.updateDeviceLockedStatus():103 repeatCheckTimes = 1, locked = false
05-13 22:34:14.960   735   774 I ImeTracker: system_server:28bedc82: onCancelled at PHASE_SERVER_SHOULD_HIDE
05-13 22:34:14.965 10426 10426 W NotificationCenter: NotificationCenter$NotificationQueue.notifyPendingNotificationsOnExecutor():877 Heavy notify work detected on UI thread: [nkd->nje, nkd->kzi, nkd->kzi, nkd->muk, nkd->prl, nkd->kzi, nkd->lcb, nkd->kzi, nkd->gvh, nkd->kzi, nkd->imj, nkd->huu, nkd->niv, nkd->mjd, nkd->kzi, nkd->kzi, nkd->kzi, nkd->kzi, nkd->gsj, nkd->kzi, nkd->kwp, nkd->kzi, nkd->pcd, nkd->kzi, nkd->kzi, nkd->kzi] takes 21ms
05-13 22:34:15.018 17947 18047 I FontLog : (REDACTED) Fetch %s end status %s
05-13 22:34:15.020 23115 23166 I ExpoModulesCore: Γ£à AppContext was initialized
05-13 22:34:15.024   735  1850 W PackageConfigPersister: App-specific configuration not found for packageName: com.mentoraappnew and userId: 0
05-13 22:34:15.123   735   772 W Looper  : Slow dispatch took 285ms android.ui app=system_server main=false group=TOP_APP h=com.android.server.am.ActivityManagerService$UiHandler c=com.android.server.am.UidObserverController$$ExternalSyntheticLambda0@f4012cf m=0
05-13 22:34:15.125   735   772 W Looper  : Slow delivery took 201ms android.ui app=system_server main=false group=TOP_APP h=com.android.server.am.ActivityManagerService$UiHandler c=null m=31
05-13 22:34:15.133   633 21779 W IPCThreadState: Sending oneway calls to frozen process.
05-13 22:34:15.161 17947 18038 I FontLog : (REDACTED) Pulling font file for id = %d, cache size = %d
05-13 22:34:15.180 18053 18069 I .apps.wellbeing: AssetManager2(0x75840f263c78) locale list changing from [] to [en-US]
05-13 22:34:15.203 18053 18069 I .apps.wellbeing: AssetManager2(0x75840f263318) locale list changing from [] to [en-US]
05-13 22:34:15.236 18053 18069 I .apps.wellbeing: AssetManager2(0x75840f266518) locale list changing from [] to [en-US]
05-13 22:34:15.241 18053 18069 I .apps.wellbeing: AssetManager2(0x75840f250a38) locale list changing from [] to [en-US]
05-13 22:34:15.242 23115 23166 W unknown:BridgelessReact: ReactHost{0}.getOrCreateReactInstanceTask(): Loading JS Bundle
05-13 22:34:15.246 23115 23166 W unknown:BridgelessReact: ReactHost{0}.getOrCreateReactInstanceTask(): DevSupportManager.onNewReactContextCreated()
05-13 22:34:15.247 17947 18038 I FontLog : (REDACTED) Pulling font file for id = %d, cache size = %d
05-13 22:34:15.247 23115 23115 W unknown:BridgelessReact: ReactHost{0}.ReactContext.onHostResume()
05-13 22:34:15.247 23115 23115 W unknown:BridgelessReact: ReactHost{0}.getOrCreateReactInstanceTask(): Executing ReactInstanceEventListeners
05-13 22:34:15.248 23115 23166 W unknown:BridgelessReact: ReactHost{0}.startSurface(surfaceId = 0): Execute
05-13 22:34:15.261 23115 23167 E ReactNativeJS: [runtime not ready]: ReferenceError: Property 'require' doesn't exist
05-13 22:34:15.268 18053 18069 I .apps.wellbeing: AssetManager2(0x75840f265ed8) locale list changing from [] to [en-US]
05-13 22:34:15.281 18053 18069 I .apps.wellbeing: AssetManager2(0x75840f24e198) locale list changing from [] to [en-US]
05-13 22:34:15.291 23115 23167 W unknown:BridgelessReact: ReactHost{0}.handleHostException(message = "[runtime not ready]: ReferenceError: Property 'require' doesn't exist, stack:
05-13 22:34:15.291 23115 23167 W unknown:BridgelessReact: anonymous@1:50251
05-13 22:34:15.291 23115 23167 W unknown:BridgelessReact: global@1:598
05-13 22:34:15.291 23115 23167 W unknown:BridgelessReact: ")
05-13 22:34:15.293 23115 23167 E libc++abi: terminating due to uncaught exception of type facebook::jni::JniException: com.facebook.react.common.JavascriptException: [runtime not ready]: ReferenceError: Property 'require' doesn't exist, stack:
05-13 22:34:15.293 23115 23167 E libc++abi: anonymous@1:50251
05-13 22:34:15.293 23115 23167 E libc++abi: global@1:598
05-13 22:34:15.293 23115 23167 E libc++abi: 
05-13 22:34:15.293 23115 23167 E libc++abi: 	at com.facebook.react.modules.core.ExceptionsManagerModule.reportException(ExceptionsManagerModule.kt:52)
05-13 22:34:15.293 23115 23167 E libc++abi: 	at com.facebook.react.runtime.ReactInstance$ReactJsExceptionHandlerImpl.reportJsException(ReactInstance.kt:291)
05-13 22:34:15.293 23115 23167 E libc++abi: 	at com.facebook.jni.NativeRunnable.run(Native Method)
05-13 22:34:15.293 23115 23167 E libc++abi: 	at android.os.Handler.handleCallback(Handler.java:995)
05-13 22:34:15.293 23115 23167 E libc++abi: 	at android.os.Handler.dispatchMessage(Handler.java:103)
05-13 22:34:15.293 23115 23167 E libc++abi: 	at com.facebook.react.bridge.queue.MessageQueueThreadHandler.dispatchMessage(MessageQueueThreadHandler.kt:21)
05-13 22:34:15.293 23115 23167 E libc++abi: 	at android.os.Looper.loopOnce(Looper.java:248)
05-13 22:34:15.293 23115 23167 E libc++abi: 	at android.os.Looper.loop(Looper.java:338)
05-13 22:34:15.293 23115 23167 E libc++abi: 	at com.facebook.react.bridge.queue.MessageQueueThreadImpl$Companion.startNewBackgroundThread$lambda$0(MessageQueueThreadImpl.kt:152)
05-13 22:34:15.293 23115 23167 E libc++abi: 	at com.facebook.react.bridge.queue.MessageQueueThreadImpl$Compani
05-13 22:34:15.293   735   772 W Looper  : Drained
--------- beginning of crash
05-13 22:34:15.294 23115 23167 F libc    : Fatal signal 6 (SIGABRT), code -1 (SI_QUEUE) in tid 23167 (mqt_v_js), pid 23115 (m.mentoraappnew)
05-13 22:34:15.297 18053 18069 I .apps.wellbeing: AssetManager2(0x75840f251078) locale list changing from [] to [en-US]
05-13 22:34:15.324 18053 18069 I .apps.wellbeing: AssetManager2(0x75840f254278) locale list changing from [] to [en-US]
05-13 22:34:15.345 18053 18069 I .apps.wellbeing: AssetManager2(0x75840f26cc38) locale list changing from [] to [en-US]
05-13 22:34:15.356 18053 18069 I .apps.wellbeing: AssetManager2(0x75840f251cf8) locale list changing from [] to [en-US]
05-13 22:34:15.395 18053 18069 I .apps.wellbeing: AssetManager2(0x75840f254ef8) locale list changing from [] to [en-US]
05-13 22:34:15.418 18053 18069 I .apps.wellbeing: AssetManager2(0x75840f255538) locale list changing from [] to [en-US]
05-13 22:34:15.472 18053 18069 I .apps.wellbeing: AssetManager2(0x75840f269a38) locale list changing from [] to [en-US]
05-13 22:34:15.496 18053 18069 I .apps.wellbeing: AssetManager2(0x75840f26bfb8) locale list changing from [] to [en-US]
05-13 22:34:15.517 23185 23185 W crash_dump64: failed to attach to thread 23182: No such process
05-13 22:34:15.518 23185 23185 E crash_dump64: failed to interrupt 23182 to detach: No such process
05-13 22:34:15.518 23185 23185 W crash_dump64: failed to ptrace interrupt thread 23182: No such process
05-13 22:34:15.543 23185 23185 I crash_dump64: obtaining output fd from tombstoned, type: kDebuggerdTombstoneProto
05-13 22:34:15.547   284   284 I tombstoned: received crash request for pid 23167
05-13 22:34:15.551 18053 18069 I .apps.wellbeing: AssetManager2(0x75840f269d58) locale list changing from [] to [en-US]
05-13 22:34:15.556 23185 23185 I crash_dump64: performing dump of process 23115 (target tid = 23167)
05-13 22:34:15.593 18053 18069 I .apps.wellbeing: AssetManager2(0x75840f26a9d8) locale list changing from [] to [en-US]
05-13 22:34:15.669 18053 18069 I .apps.wellbeing: AssetManager2(0x75840f26f1b8) locale list changing from [] to [en-US]
05-13 22:34:15.722   735  1814 E TaskPersister: File error accessing recents directory (directory doesn't exist?).
05-13 22:34:15.776 18053 18069 I .apps.wellbeing: AssetManager2(0x75840f255218) locale list changing from [] to [en-US]
05-13 22:34:15.790 18053 18069 I .apps.wellbeing: AssetManager2(0x75840f2519d8) locale list changing from [] to [en-US]
05-13 22:34:15.810 18053 18069 I .apps.wellbeing: AssetManager2(0x75840f26bc98) locale list changing from [] to [en-US]
05-13 22:34:15.848  1227  1567 D SatelliteController: iisInCarrierRoamingNbIotNtn: satellite is disabled
05-13 22:34:15.851   735  1761 W IPCThreadState: Sending oneway calls to frozen process.
05-13 22:34:15.856 18053 18069 I .apps.wellbeing: AssetManager2(0x75840f258418) locale list changing from [] to [en-US]
05-13 22:34:15.870 18053 18069 I .apps.wellbeing: AssetManager2(0x75840f257798) locale list changing from [] to [en-US]
05-13 22:34:15.893 18053 18069 I .apps.wellbeing: AssetManager2(0x75840f252018) locale list changing from [] to [en-US]
05-13 22:34:16.803 23185 23185 F DEBUG   : *** *** *** *** *** *** *** *** *** *** *** *** *** *** *** ***
05-13 22:34:16.803 23185 23185 F DEBUG   : Build fingerprint: 'google/sdk_gphone64_x86_64/emu64xa:16/BE2A.250530.026.D1/13818094:user/release-keys'
05-13 22:34:16.803 23185 23185 F DEBUG   : Revision: '0'
05-13 22:34:16.803 23185 23185 F DEBUG   : ABI: 'x86_64'
05-13 22:34:16.803 23185 23185 F DEBUG   : Timestamp: 2026-05-13 22:34:15.577027900+0300
05-13 22:34:16.803 23185 23185 F DEBUG   : Process uptime: 7s
05-13 22:34:16.803 23185 23185 F DEBUG   : Cmdline: com.mentoraappnew
05-13 22:34:16.803 23185 23185 F DEBUG   : pid: 23115, tid: 23167, name: mqt_v_js  >>> com.mentoraappnew <<<
05-13 22:34:16.803 23185 23185 F DEBUG   : uid: 10217
05-13 22:34:16.803 23185 23185 F DEBUG   : signal 6 (SIGABRT), code -1 (SI_QUEUE), fault addr --------
05-13 22:34:16.804 23185 23185 F DEBUG   : Abort message: 'terminating due to uncaught exception of type facebook::jni::JniException: com.facebook.react.common.JavascriptException: [runtime not ready]: ReferenceError: Property 'require' doesn't exist, stack:
05-13 22:34:16.804 23185 23185 F DEBUG   : anonymous@1:50251
05-13 22:34:16.804 23185 23185 F DEBUG   : global@1:598
05-13 22:34:16.804 23185 23185 F DEBUG   : 
05-13 22:34:16.804 23185 23185 F DEBUG   : 	at com.facebook.react.modules.core.ExceptionsManagerModule.reportException(ExceptionsManagerModule.kt:52)
05-13 22:34:16.804 23185 23185 F DEBUG   : 	at com.facebook.react.runtime.ReactInstance$ReactJsExceptionHandlerImpl.reportJsException(ReactInstance.kt:291)
05-13 22:34:16.804 23185 23185 F DEBUG   : 	at com.facebook.jni.NativeRunnable.run(Native Method)
05-13 22:34:16.804 23185 23185 F DEBUG   : 	at android.os.Handler.handleCallback(Handler.java:995)
05-13 22:34:16.804 23185 23185 F DEBUG   : 	at android.os.Handler.dispatchMessage(Handler.java:103)
05-13 22:34:16.804 23185 23185 F DEBUG   : 	at com.facebook.react.bridge.queue.MessageQueueThreadHandler.dispatchMessage(MessageQueueThreadHandler.kt:21)
05-13 22:34:16.804 23185 23185 F DEBUG   : 	at android.os.Looper.loopOnce(Looper.java:248)
05-13 22:34:16.804 23185 23185 F DEBUG   : 	at android.os.Looper.loop(Looper.java:338)
05-13 22:34:16.804 23185 23185 F DEBUG   : 	at com.facebook.react.bridge.queue.MessageQueueThreadImpl$Companion.startNewBackgroundThread$lambda$0(MessageQueueThreadImpl.kt:152)
05-13 22:34:16.804 23185 23185 F DEBUG   : 	at com.facebook.react.bridge.queue.MessageQueueThreadImpl$Companion.$r8$lambda$YYXYCFexeoKtAeDpeNYkxZZlpbA(Unknown Source:0)
05-13 22:34:16.804 23185 23185 F DEBUG   : 	at com.facebook.react.bridge.queue.MessageQueueThreadImpl$Companion$$ExternalSyntheticLambda0.run(D8$$SyntheticClass:0)
05-13 22:34:16.804 23185 23185 F DEBUG   : 	at java.lang.Thread.run(Thread.java:1119)'
05-13 22:34:16.804 23185 23185 F DEBUG   :     rax 0000000000000000  rbx 0000000000005a4b  rcx 00007585078f1424  rdx 0000000000000006
05-13 22:34:16.804 23185 23185 F DEBUG   :     r8  0000000000000000  r9  0000000000000000  r10 00007581c1f136b0  r11 0000000000000207
05-13 22:34:16.804 23185 23185 F DEBUG   :     r12 00007581c1f13870  r13 0000003000000008  r14 0000000000005a7f  r15 00007581c1f13790
05-13 22:34:16.804 23185 23185 F DEBUG   :     rdi 0000000000005a4b  rsi 0000000000005a7f
05-13 22:34:16.804 23185 23185 F DEBUG   :     rbp 00007581c1f13750  rsp 00007581c1f136b0  rip 00007585078f1424
05-13 22:34:16.804 23185 23185 F DEBUG   : 35 total frames
05-13 22:34:16.804 23185 23185 F DEBUG   : backtrace:
05-13 22:34:16.804 23185 23185 F DEBUG   :       #00 pc 000000000006a424  /apex/com.android.runtime/lib64/bionic/libc.so (abort+196) (BuildId: fcb82240218d1473de1e3d2137c0be35)
05-13 22:34:16.804 23185 23185 F DEBUG   :       #01 pc 000000000009dc6f  /data/app/~~jPENOtP63v-x5ngpnYYtYw==/com.mentoraappnew-9AAVoMHU-SksbomFtYyxUQ==/base.apk!libc++_shared.so (offset 0x32a4000) (BuildId: 734ab2eaa203afbb89147d313e46146617bd1a2c)
05-13 22:34:16.804 23185 23185 F DEBUG   :       #02 pc 000000000009cb0a  /data/app/~~jPENOtP63v-x5ngpnYYtYw==/com.mentoraappnew-9AAVoMHU-SksbomFtYyxUQ==/base.apk!libc++_shared.so (offset 0x32a4000) (BuildId: 734ab2eaa203afbb89147d313e46146617bd1a2c)
05-13 22:34:16.804 23185 23185 F DEBUG   :       #03 pc 000000000009cf12  /data/app/~~jPENOtP63v-x5ngpnYYtYw==/com.mentoraappnew-9AAVoMHU-SksbomFtYyxUQ==/base.apk!libc++_shared.so (offset 0x32a4000) (BuildId: 734ab2eaa203afbb89147d313e46146617bd1a2c)
05-13 22:34:16.804 23185 23185 F DEBUG   :       #04 pc 000000000009cec7  /data/app/~~jPENOtP63v-x5ngpnYYtYw==/com.mentoraappnew-9AAVoMHU-SksbomFtYyxUQ==/base.apk!libc++_shared.so (offset 0x32a4000) (std::terminate()+55) (BuildId: 734ab2eaa203afbb89147d313e46146617bd1a2c)
05-13 22:34:16.804 23185 23185 F DEBUG   :       #05 pc 000000000026fdaa  /data/app/~~jPENOtP63v-x5ngpnYYtYw==/com.mentoraappnew-9AAVoMHU-SksbomFtYyxUQ==/base.apk!libreactnative.so (offset 0x3a98000) (BuildId: 3ef3b5c821fcf34b45606e30b5ac411f46d69794)
05-13 22:34:16.804 23185 23185 F DEBUG   :       #06 pc 00000000004cde6f  /data/app/~~jPENOtP63v-x5ngpnYYtYw==/com.mentoraappnew-9AAVoMHU-SksbomFtYyxUQ==/base.apk!libreactnative.so (offset 0x3a98000) (BuildId: 3ef3b5c821fcf34b45606e30b5ac411f46d69794)
05-13 22:34:16.804 23185 23185 F DEBUG   :       #07 pc 00000000002d1731  /data/app/~~jPENOtP63v-x5ngpnYYtYw==/com.mentoraappnew-9AAVoMHU-SksbomFtYyxUQ==/base.apk!libreactnative.so (offset 0x3a98000) (facebook::react::JsErrorHandler::handleErrorWithCppPipeline(facebook::jsi::Runtime&, facebook::jsi::JSError&, bool, bool)+8769) (BuildId: 3ef3b5c821fcf34b45606e30b5ac411f46d69794)
05-13 22:34:16.804 23185 23185 F DEBUG   :       #08 pc 00000000002cf192  /data/app/~~jPENOtP63v-x5ngpnYYtYw==/com.mentoraappnew-9AAVoMHU-SksbomFtYyxUQ==/base.apk!libreactnative.so (offset 0x3a98000) (facebook::react::JsErrorHandler::handleError(facebook::jsi::Runtime&, facebook::jsi::JSError&, bool, bool)+1378) (BuildId: 3ef3b5c821fcf34b45606e30b5ac411f46d69794)
05-13 22:34:16.804 23185 23185 F DEBUG   :       #09 pc 000000000045c5fa  /data/app/~~jPENOtP63v-x5ngpnYYtYw==/com.mentoraappnew-9AAVoMHU-SksbomFtYyxUQ==/base.apk!libreactnative.so (offset 0x3a98000) (facebook::react::RuntimeScheduler_Modern::executeTask(facebook::jsi::Runtime&, facebook::react::Task&, bool) const+410) (BuildId: 3ef3b5c821fcf34b45606e30b5ac411f46d69794)
05-13 22:34:16.804 23185 23185 F DEBUG   :       #10 pc 000000000045cd71  /data/app/~~jPENOtP63v-x5ngpnYYtYw==/com.mentoraappnew-9AAVoMHU-SksbomFtYyxUQ==/base.apk!libreactnative.so (offset 0x3a98000) (facebook::react::RuntimeScheduler_Modern::runEventLoopTick(facebook::jsi::Runtime&, facebook::react::Task&)+113) (BuildId: 3ef3b5c821fcf34b45606e30b5ac411f46d69794)
05-13 22:34:16.804 23185 23185 F DEBUG   :       #11 pc 000000000045ca97  /data/app/~~jPENOtP63v-x5ngpnYYtYw==/com.mentoraappnew-9AAVoMHU-SksbomFtYyxUQ==/base.apk!libreactnative.so (offset 0x3a98000) (facebook::react::RuntimeScheduler_Modern::runEventLoop(facebook::jsi::Runtime&)+119) (BuildId: 3ef3b5c821fcf34b45606e30b5ac411f46d69794)
05-13 22:34:16.804 23185 23185 F DEBUG   :       #12 pc 00000000002746d9  /data/app/~~jPENOtP63v-x5ngpnYYtYw==/com.mentoraappnew-9AAVoMHU-SksbomFtYyxUQ==/base.apk!libreactnative.so (offset 0x3a98000) (BuildId: 3ef3b5c821fcf34b45606e30b5ac411f46d69794)
05-13 22:34:16.804 23185 23185 F DEBUG   :       #13 pc 00000000004a28ad  /data/app/~~jPENOtP63v-x5ngpnYYtYw==/com.mentoraappnew-9AAVoMHU-SksbomFtYyxUQ==/base.apk!libreactnative.so (offset 0x3a98000) (BuildId: 3ef3b5c821fcf34b45606e30b5ac411f46d69794)
05-13 22:34:16.804 23185 23185 F DEBUG   :       #14 pc 0000000000017202  /data/app/~~jPENOtP63v-x5ngpnYYtYw==/com.mentoraappnew-9AAVoMHU-SksbomFtYyxUQ==/base.apk!libfbjni.so (offset 0x353c000) (facebook::jni::detail::MethodWrapper<void (facebook::jni::JNativeRunnable::*)(), &facebook::jni::JNativeRunnable::run(), facebook::jni::JNativeRunnable, void>::dispatch(facebook::jni::alias_ref<facebook::jni::detail::JTypeFor<facebook::jni::HybridClass<facebook::jni::JNativeRunnable, facebook::jni::JRunnable>::JavaPart, facebook::jni::JRunnable, void>::_javaobject*>)+66) (BuildId: 2f4b0da170c8a1af5bf245a5dba7c30a6974f2f2)
05-13 22:34:16.804 23185 23185 F DEBUG   :       #15 pc 0000000000017143  /data/app/~~jPENOtP63v-x5ngpnYYtYw==/com.mentoraappnew-9AAVoMHU-SksbomFtYyxUQ==/base.apk!libfbjni.so (offset 0x353c000) (facebook::jni::detail::FunctionWrapper<void (*)(facebook::jni::alias_ref<facebook::jni::detail::JTypeFor<facebook::jni::HybridClass<facebook::jni::JNativeRunnable, facebook::jni::JRunnable>::JavaPart, facebook::jni::JRunnable, void>::_javaobject*>), facebook::jni::detail::JTypeFor<facebook::jni::HybridClass<facebook::jni::JNativeRunnable, facebook::jni::JRunnable>::JavaPart, facebook::jni::JRunnable, void>::_javaobject*, void>::call(_JNIEnv*, _jobject*, void (*)(facebook::jni::alias_ref<facebook::jni::detail::JTypeFor<facebook::jni::HybridClass<facebook::jni::JNativeRunnable, facebook::jni::JRunnable>::JavaPart, facebook::jni::JRunnable, void>::_javaobject*>))+51) (BuildId: 2f4b0da170c8a1af5bf245a5dba7c30a6974f2f2)
05-13 22:34:16.804 23185 23185 F DEBUG   :       #16 pc 00000000002de893  /system/framework/x86_64/boot.oat (art_jni_trampoline+131) (BuildId: 9083d3c301e7d514bb074e4d021820fc53775ff6)
05-13 22:34:16.804 23185 23185 F DEBUG   :       #17 pc 00000000004e45ac  /system/framework/x86_64/boot-framework.oat (android.os.Handler.dispatchMessage+76) (BuildId: 593ba0dbad2e0e4d41fe6702f77e468f5f01eae0)
05-13 22:34:16.804 23185 23185 F DEBUG   :       #18 pc 00000000002097ed  /apex/com.android.art/lib64/libart.so (nterp_helper+3837) (BuildId: 108a321dc93c20580e74b855c407e975)
05-13 22:34:16.804 23185 23185 F DEBUG   :       #19 pc 00000000004812ae  /data/app/~~jPENOtP63v-x5ngpnYYtYw==/com.mentoraappnew-9AAVoMHU-SksbomFtYyxUQ==/oat/x86_64/base.vdex (com.facebook.react.bridge.queue.MessageQueueThreadHandler.dispatchMessage+10)
05-13 22:34:16.805 23185 23185 F DEBUG   :       #20 pc 000000000051abe5  /system/framework/x86_64/boot-framework.oat (android.os.Looper.loopOnce+1109) (BuildId: 593ba0dbad2e0e4d41fe6702f77e468f5f01eae0)
05-13 22:34:16.805 23185 23185 F DEBUG   :       #21 pc 000000000051a6db  /system/framework/x86_64/boot-framework.oat (android.os.Looper.loop+235) (BuildId: 593ba0dbad2e0e4d41fe6702f77e468f5f01eae0)
05-13 22:34:16.805 23185 23185 F DEBUG   :       #22 pc 0000000000208995  /apex/com.android.art/lib64/libart.so (nterp_helper+165) (BuildId: 108a321dc93c20580e74b855c407e975)
05-13 22:34:16.805 23185 23185 F DEBUG   :       #23 pc 0000000000481558  /data/app/~~jPENOtP63v-x5ngpnYYtYw==/com.mentoraappnew-9AAVoMHU-SksbomFtYyxUQ==/oat/x86_64/base.vdex (com.facebook.react.bridge.queue.MessageQueueThreadImpl$Companion.startNewBackgroundThread$lambda$0+28)
05-13 22:34:16.805 23185 23185 F DEBUG   :       #24 pc 0000000000208928  /apex/com.android.art/lib64/libart.so (nterp_helper+56) (BuildId: 108a321dc93c20580e74b855c407e975)
05-13 22:34:16.805 23185 23185 F DEBUG   :       #25 pc 00000000004814f4  /data/app/~~jPENOtP63v-x5ngpnYYtYw==/com.mentoraappnew-9AAVoMHU-SksbomFtYyxUQ==/oat/x86_64/base.vdex (com.facebook.react.bridge.queue.MessageQueueThreadImpl$Companion.$r8$lambda$YYXYCFexeoKtAeDpeNYkxZZlpbA+0)
05-13 22:34:16.805 23185 23185 F DEBUG   :       #26 pc 0000000000208928  /apex/com.android.art/lib64/libart.so (nterp_helper+56) (BuildId: 108a321dc93c20580e74b855c407e975)
05-13 22:34:16.805 23185 23185 F DEBUG   :       #27 pc 0000000000481344  /data/app/~~jPENOtP63v-x5ngpnYYtYw==/com.mentoraappnew-9AAVoMHU-SksbomFtYyxUQ==/oat/x86_64/base.vdex (com.facebook.react.bridge.queue.MessageQueueThreadImpl$Companion$$ExternalSyntheticLambda0.run+4)
05-13 22:34:16.805 23185 23185 F DEBUG   :       #28 pc 00000000000a9f57  /system/framework/x86_64/boot.oat (java.lang.Thread.run+71) (BuildId: 9083d3c301e7d514bb074e4d021820fc53775ff6)
05-13 22:34:16.805 23185 23185 F DEBUG   :       #29 pc 0000000000211e94  /apex/com.android.art/lib64/libart.so (art_quick_invoke_stub+756) (BuildId: 108a321dc93c20580e74b855c407e975)
05-13 22:34:16.805 23185 23185 F DEBUG   :       #30 pc 00000000004621c5  /apex/com.android.art/lib64/libart.so (art::ArtMethod::Invoke(art::Thread*, unsigned int*, unsigned int, art::JValue*, char const*)+181) (BuildId: 108a321dc93c20580e74b855c407e975)
05-13 22:34:16.805 23185 23185 F DEBUG   :       #31 pc 00000000008f42ec  /apex/com.android.art/lib64/libart.so (art::Thread::CreateCallback(void*)+1388) (BuildId: 108a321dc93c20580e74b855c407e975)
05-13 22:34:16.805 23185 23185 F DEBUG   :       #32 pc 00000000008f3d78  /apex/com.android.art/lib64/libart.so (art::Thread::CreateCallbackWithUffdGc(void*)+8) (BuildId: 108a321dc93c20580e74b855c407e975)
05-13 22:34:16.805 23185 23185 F DEBUG   :       #33 pc 000000000007ac5f  /apex/com.android.runtime/lib64/bionic/libc.so (__pthread_start(void*)+63) (BuildId: fcb82240218d1473de1e3d2137c0be35)
05-13 22:34:16.805 23185 23185 F DEBUG   :       #34 pc 000000000006d94d  /apex/com.android.runtime/lib64/bionic/libc.so (__start_thread+61) (BuildId: fcb82240218d1473de1e3d2137c0be35)
05-13 22:34:16.853   284   284 E tombstoned: Tombstone written to: tombstone_17
05-13 22:34:16.891   735   884 W InputDispatcher: channel '6acab4d com.mentoraappnew/com.mentoraappnew.MainActivity' ~ Consumer closed input channel or an error occurred.  events=0x9
05-13 22:34:16.891   735   884 E InputDispatcher: channel '6acab4d com.mentoraappnew/com.mentoraappnew.MainActivity' ~ Channel is unrecoverably broken and will be disposed!
05-13 22:34:16.891   735   884 I WindowManager: WINDOW DIED Window{6acab4d u0 com.mentoraappnew/com.mentoraappnew.MainActivity}
05-13 22:34:16.904   735   884 I ImeTracker: system_server:52e68698: onRequestHide at ORIGIN_SERVER reason IME_REQUESTED_CHANGED_LISTENER fromUser false
05-13 22:34:16.907   735   845 I ImeTracker: com.mentoraappnew:1a34ff4b: onRequestHide at ORIGIN_SERVER reason HIDE_REMOVE_CLIENT fromUser false
05-13 22:34:16.907   735   845 I ImeTracker: com.mentoraappnew:1a34ff4b: onCancelled at PHASE_SERVER_SHOULD_HIDE
05-13 22:34:16.907   461   461 I Zygote  : Process 23115 exited due to signal 6 (Aborted)
05-13 22:34:16.910   735  1850 I ActivityManager: Process com.mentoraappnew (pid 23115) has died: fg  TOP 
05-13 22:34:16.918   735   787 I libprocessgroup: Removed cgroup /sys/fs/cgroup/apps/uid_10217/pid_23115
05-13 22:34:16.919   735   774 I ImeTracker: system_server:52e68698: onCancelled at PHASE_SERVER_SHOULD_HIDE
05-13 22:34:16.961   735   868 I DropBoxManagerService: add tag=SYSTEM_TOMBSTONE_PROTO_WITH_HEADERS isTagEnabled=true flags=0x4
05-13 22:34:16.967   536   536 E BpTransactionCompletedListener: Failed to transact (-32)
05-13 22:34:16.975   735  1850 W ActivityTaskManager: Force removing ActivityRecord{25914088 u0 com.mentoraappnew/.MainActivity t21}: app died, no saved state
05-13 22:34:16.989   735 23189 I DropBoxManagerService: add tag=data_app_native_crash isTagEnabled=true flags=0x2
05-13 22:34:16.989  3139  3161 V WindowManagerShell: Transition requested (#87): android.os.BinderProxy@85c91a8 TransitionRequestInfo { type = CLOSE, triggerTask = TaskInfo{userId=0 taskId=21 effectiveUid=10217 displayId=0 isRunning=true baseIntent=Intent { act=android.intent.action.MAIN cat=[android.intent.category.LAUNCHER] flg=0x10200000 cmp=com.mentoraappnew/.MainActivity } baseActivity=ComponentInfo{com.mentoraappnew/com.mentoraappnew.MainActivity} topActivity=ComponentInfo{com.mentoraappnew/com.mentoraappnew.MainActivity} origActivity=null realActivity=ComponentInfo{com.mentoraappnew/com.mentoraappnew.MainActivity} numActivities=1 lastActiveTime=90861944 supportsMultiWindow=true resizeMode=1 isResizeable=true minWidth=-1 minHeight=-1 defaultMinSize=220 token=WCT{android.window.IWindowContainerToken$Stub$Proxy@3bb64c1} topActivityType=1 pictureInPictureParams=null shouldDockBigOverlays=false launchIntoPipHostTaskId=-1 lastParentTaskIdBeforePip=-1 displayCutoutSafeInsets=Rect(0, 0 - 0, 0) topActivityInfo=ActivityInfo{dc2e466 com.mentoraappnew.MainActivity} launchCookies=[] positionInParent=Point(0, 0) parentTaskId=-1 isFocused=true isVisible=true isVisibleRequested=true isTopActivityNoDisplay=false isSleeping=false locusId=null displayAreaFeatureId=1 isTopActivityTransparent=false isActivityStackTransparent=false lastNonFullscreenBounds=Rect(253, 540 - 828, 1620) capturedLink=null capturedLinkTimestamp=0 requestedVisibleTypes=-9 topActivityRequestOpenInBrowserEducationTimestamp=0 appCompatTaskInfo=AppCompatTaskInfo { topActivityInSizeCompat=false eligibleForLetterboxEducation= false isLetterboxEducationEnabled= true isLetterboxDoubleTapEnabled= false eligibleForUserAspectRatioButton= false topActivityBoundsLetterboxed= false isFromLetterboxDoubleTap= false topActivityLetterboxVerticalPosition= -1 topActivityLetterboxHorizontalPosition= -1 topActivityLetterboxWidth=-1 topActivityLetterboxHeight=-1 topActivityAppBounds=Rect(0, 0 - 1080, 2160) isUserFullscreenOverrideEnabled=false isSystemFullscreenOverrideEnabled=false hasMinAspectRatioOverride=false topActivityLetterboxBounds=null cameraCompatTaskInfo=CameraCompatTaskInfo { freeformCameraCompatMode=inactive}} topActivityMainWindowFrame=null}, pipChange = null, remoteTransition = null, displayChange = null, flags = 0, debugId = 87 }
05-13 22:34:17.007   735   774 W ActivityManager: setHasOverlayUi called on unknown pid: 23115
05-13 22:34:17.007   735   774 V WindowManager: Unknown focus tokens, dropping reportFocusChanged
05-13 22:34:17.018   536   599 I BpBinder: onLastStrongRef automatically unlinking death recipients: 
05-13 22:34:17.019   536   536 I BpBinder: onLastStrongRef automatically unlinking death recipients: 
05-13 22:34:17.025  7578  7578 D ViewRootImpl: Skipping stats log for color mode
05-13 22:34:17.031   735   992 D BackgroundInstallControlService: Package event received: 0
05-13 22:34:17.031   735   992 D BackgroundInstallControlService: Package event received: 0
05-13 22:34:17.031   735   992 D BackgroundInstallControlService: Package event received: 0
05-13 22:34:17.032  7578  7578 D StatsLog: LAUNCHER_ONRESUME
05-13 22:34:17.037  7578  7578 D NexusLauncherModelDelegate: notifySmartspaceEvent: SmartspaceTargetEvent{mSmartspaceTarget=null, mSmartspaceActionId='null', mEventType=6}
05-13 22:34:17.061   735   868 I BootReceiver: Copying /data/tombstones/tombstone_17 to DropBox (SYSTEM_TOMBSTONE)
05-13 22:34:17.063   735   868 I DropBoxManagerService: add tag=SYSTEM_TOMBSTONE isTagEnabled=true flags=0x6
05-13 22:34:17.084  7578  7578 D BaseDepthController: setSurface:
05-13 22:34:17.084  7578  7578 D BaseDepthController: 	mWaitingOnSurfaceValidity: false
05-13 22:34:17.084  7578  7578 D BaseDepthController: 	mBaseSurface: Surface(name=com.google.android.apps.nexuslauncher/com.google.android.apps.nexuslauncher.NexusLauncherActivity)/@0x4eb1175
05-13 22:34:17.148  3139  3161 D WindowManagerShell: setLauncherKeepClearAreaHeight: visible=true, height=480
05-13 22:34:17.152  7578  7615 D QuickstepModelDelegate: notifyAppTargetEvent action=1 launchLocation=workspace/0/[-1,-1]/[1,1]
05-13 22:34:17.157  7578  7578 D RecentsView: onTaskRemoved: 21, not handling task stack changes
05-13 22:34:17.160  7578  7578 D RecentsView: onTaskRemoved: 21, not handling task stack changes
05-13 22:34:17.181  7578  7578 I NotificationListener: Handling notification state refresh for com.android.vending#0
05-13 22:34:17.181  7578  7578 I NotificationListener: Handling notification state refresh for com.android.systemui#0
05-13 22:34:17.181  7578  7578 I NotificationListener: Handling notification state refresh for com.android.systemui#0
05-13 22:34:17.182  7578  7578 I NotificationListener: Handling notification state refresh for android#0
05-13 22:34:17.197 18053 18069 I .apps.wellbeing: AssetManager2(0x75840f252c98) locale list changing from [] to [en-US]
05-13 22:34:17.197   735   771 V WindowManager: Sent Transition (#87) createdAt=05-13 22:34:16.975 via request=TransitionRequestInfo { type = CLOSE, triggerTask = TaskInfo{userId=0 taskId=21 effectiveUid=10217 displayId=0 isRunning=true baseIntent=Intent { act=android.intent.action.MAIN cat=[android.intent.category.LAUNCHER] flg=0x10200000 cmp=com.mentoraappnew/.MainActivity } baseActivity=ComponentInfo{com.mentoraappnew/com.mentoraappnew.MainActivity} topActivity=ComponentInfo{com.mentoraappnew/com.mentoraappnew.MainActivity} origActivity=null realActivity=ComponentInfo{com.mentoraappnew/com.mentoraappnew.MainActivity} numActivities=1 lastActiveTime=90861944 supportsMultiWindow=true resizeMode=1 isResizeable=true minWidth=-1 minHeight=-1 defaultMinSize=220 token=WCT{RemoteToken{573e9bc Task{a1bd830 #21 type=standard A=10217:com.mentoraappnew}}} topActivityType=1 pictureInPictureParams=null shouldDockBigOverlays=false launchIntoPipHostTaskId=-1 lastParentTaskIdBeforePip=-1 displayCutoutSafeInsets=Rect(0, 0 - 0, 0) topActivityInfo=ActivityInfo{6f9fd45 com.mentoraappnew.MainActivity} launchCookies=[] positionInParent=Point(0, 0) parentTaskId=-1 isFocused=true isVisible=true isVisibleRequested=true isTopActivityNoDisplay=false isSleeping=false locusId=null displayAreaFeatureId=1 isTopActivityTransparent=false isActivityStackTransparent=false lastNonFullscreenBounds=Rect(253, 540 - 828, 1620) capturedLink=null capturedLinkTimestamp=0 requestedVisibleTypes=-9 topActivityRequestOpenInBrowserEducationTimestamp=0 appCompatTaskInfo=AppCompatTaskInfo { topActivityInSizeCompat=false eligibleForLetterboxEducation= false isLetterboxEducationEnabled= true isLetterboxDoubleTapEnabled= false eligibleForUserAspectRatioButton= false topActivityBoundsLetterboxed= false isFromLetterboxDoubleTap= false topActivityLetterboxVerticalPosition= -1 topActivityLetterboxHorizontalPosition= -1 topActivityLetterboxWidth=-1 topActivityLetterboxHeight=-1 topActivityAppBounds=Rect(0, 0 - 1080, 2160) isUserFullscreenOverrideEnabled=false isSystemFullscreenOverrideEnabled=false hasMinAspectRatioOverride=false topActivityLetterboxBounds=null cameraCompatTaskInfo=CameraCompatTaskInfo { freeformCameraCompatMode=inactive}} topActivityMainWindowFrame=null}, pipChange = null, remoteTransition = null, displayChange = null, flags = 0, debugId = 87 }
05-13 22:34:17.202   735   771 V WindowManager:     startWCT=WindowContainerTransaction { changes= {} hops= [] errorCallbackToken=null taskFragmentOrganizer=null }
05-13 22:34:17.202   735   771 V WindowManager:     info={id=87 t=CLOSE f=0x0 trk=0 r=[0@Point(0, 0)] c=[
05-13 22:34:17.202   735   771 V WindowManager:         {WCT{RemoteToken{b0776ad Task{c4fe0f6 #1 type=home}}} m=TO_FRONT f=SHOW_WALLPAPER|MOVE_TO_TOP leash=Surface(name=Task=1)/@0x8f4f71c sb=Rect(0, 0 - 1080, 2160) eb=Rect(0, 0 - 1080, 2160) epz=Point(1080, 2160) d=0 taskParent=-1},
05-13 22:34:17.202   735   771 V WindowManager:         {m=TO_FRONT f=IS_WALLPAPER leash=Surface(name=WallpaperWindowToken{a2c73df showWhenLocked=false})/@0x4a44073 sb=Rect(0, 0 - 1080, 2160) eb=Rect(0, 0 - 1080, 2160) epz=Point(1080, 2160) d=0}
05-13 22:34:17.202   735   771 V WindowManager:     ]}
05-13 22:34:17.206  3139  3150 V WindowManagerShell: onTransitionReady(transaction=3156800975841)
05-13 22:34:17.221  3139  3161 V WindowManagerShell: onTransitionReady (#87) android.os.BinderProxy@85c91a8: {id=87 t=CLOSE f=0x0 trk=0 r=[0@Point(0, 0)] c=[
05-13 22:34:17.221  3139  3161 V WindowManagerShell:         {m=TO_FRONT f=SHOW_WALLPAPER|MOVE_TO_TOP leash=Surface(name=Task=1)/@0xa7683a7 sb=Rect(0, 0 - 1080, 2160) eb=Rect(0, 0 - 1080, 2160) epz=Point(1080, 2160) d=0 taskParent=-1},
05-13 22:34:17.221  3139  3161 V WindowManagerShell:         {m=TO_FRONT f=IS_WALLPAPER leash=Surface(name=WallpaperWindowToken{a2c73df showWhenLocked=false})/@0xabd2054 sb=Rect(0, 0 - 1080, 2160) eb=Rect(0, 0 - 1080, 2160) epz=Point(1080, 2160) d=0}
05-13 22:34:17.221  3139  3161 V WindowManagerShell:     ]}
05-13 22:34:17.223  3139  3161 V WindowManagerShell: Playing animation for (#87) android.os.BinderProxy@85c91a8@0
05-13 22:34:17.224  3139  3161 V ShellRecents: RecentsTransitionHandler.startAnimation: no controller found
05-13 22:34:17.227  3139  3161 V WindowManagerShell: Transition doesn't have explicit remote, search filters for match for {id=87 t=CLOSE f=0x0 trk=0 r=[0@Point(0, 0)] c=[{m=TO_FRONT f=SHOW_WALLPAPER|MOVE_TO_TOP leash=Surface(name=Task=1)/@0xa7683a7 sb=Rect(0, 0 - 1080, 2160) eb=Rect(0, 0 - 1080, 2160) epz=Point(1080, 2160) d=0 taskParent=-1},{m=TO_FRONT f=IS_WALLPAPER leash=Surface(name=WallpaperWindowToken{a2c73df showWhenLocked=false})/@0xabd2054 sb=Rect(0, 0 - 1080, 2160) eb=Rect(0, 0 - 1080, 2160) epz=Point(1080, 2160) d=0}]}
05-13 22:34:17.232  3139  3161 V WindowManagerShell:  Checking filter Pair{{types=[] flags=0x0] notFlags=0x0 checks=[{atype=undefined independent=true modes=[CLOSE,TO_BACK] flags=IN_TASK_WITH_EMBEDDED_ACTIVITY mustBeTask=false order=ANY topActivity=null launchCookie=null taskFragmentToken=android.os.BinderProxy@1695216 windowingMode=undefined}]} RemoteTransition { remoteTransition = android.window.IRemoteTransition$Stub$Proxy@3ded797, appThread = android.app.IApplicationThread$Stub$Proxy@15bfd84, debugName = overlayBackTransition }}
05-13 22:34:17.233  3139  3161 V WindowManagerShell:  Checking filter Pair{{types=[] flags=0x0] notFlags=0x0 checks=[{atype=dream independent=true modes=[OPEN,TO_FRONT] flags=NONE mustBeTask=false order=ANY topActivity=null launchCookie=null windowingMode=undefined},{atype=home independent=true modes=[CLOSE,TO_BACK] flags=NONE mustBeTask=false order=ANY topActivity=null launchCookie=null windowingMode=undefined}]} RemoteTransition { remoteTransition = android.window.IRemoteTransition$Stub$Proxy@381596d, appThread = android.app.IApplicationThread$Stub$Proxy@ea079a2, debugName = LauncherToDream }}
05-13 22:34:17.236  3139  3161 V WindowManagerShell:  Checking filter Pair{{types=[] flags=0x0] notFlags=0x100 checks=[{atype=home independent=true modes=[OPEN,TO_FRONT] flags=NONE mustBeTask=false order=TOP topActivity=ComponentInfo{com.google.android.apps.nexuslauncher/com.google.android.apps.nexuslauncher.NexusLauncherActivity} launchCookie=null windowingMode=undefined},{atype=standard independent=true modes=[CLOSE,TO_BACK] flags=NONE mustBeTask=false order=ANY topActivity=null launchCookie=null windowingMode=undefined},{NOT atype=undefined independent=true modes=[] flags=NONE mustBeTask=true order=ANY topActivity=null launchCookie=null customAnim=true windowingMode=undefined}]} RemoteTransition { remoteTransition = android.window.IRemoteTransition$Stub$Proxy@4af5633, appThread = android.app.IApplicationThread$Stub$Proxy@95d6df0, debugName = QuickstepLaunchHome }}
05-13 22:34:17.236  3139  3161 V WindowManagerShell:  Delegate animation for (#87) to null
05-13 22:34:17.236  3139  3161 V WindowManagerShell: start default transition animation, info = {id=87 t=CLOSE f=0x0 trk=0 r=[0@Point(0, 0)] c=[{m=TO_FRONT f=SHOW_WALLPAPER|MOVE_TO_TOP leash=Surface(name=Task=1)/@0xa7683a7 sb=Rect(0, 0 - 1080, 2160) eb=Rect(0, 0 - 1080, 2160) epz=Point(1080, 2160) d=0 taskParent=-1},{m=TO_FRONT f=IS_WALLPAPER leash=Surface(name=WallpaperWindowToken{a2c73df showWhenLocked=false})/@0xabd2054 sb=Rect(0, 0 - 1080, 2160) eb=Rect(0, 0 - 1080, 2160) epz=Point(1080, 2160) d=0}]}
05-13 22:34:17.245  3139  3161 V WindowManagerShell: loadAnimation: anim=android.view.animation.AnimationSet@b7db343 animAttr=0x10 type=CLOSE isEntrance=true
05-13 22:34:17.247  3139  3161 V WindowManagerShell:  animated by com.android.wm.shell.transition.DefaultTransitionHandler@e7a9ded
05-13 22:34:17.249 18053 18069 I .apps.wellbeing: AssetManager2(0x75840f25a358) locale list changing from [] to [en-US]
05-13 22:34:17.257 18053 18069 I .apps.wellbeing: AssetManager2(0x75840f256e38) locale list changing from [] to [en-US]
05-13 22:34:17.272   735   892 I ImeTracker: com.google.android.apps.nexuslauncher:c8dd132: onRequestHide at ORIGIN_SERVER reason HIDE_UNSPECIFIED_WINDOW fromUser false
05-13 22:34:17.273 18053 18069 I .apps.wellbeing: AssetManager2(0x75840f25e4f8) locale list changing from [] to [en-US]
05-13 22:34:17.279  7578  7578 D InsetsController: hide(ime(), fromIme=false)
05-13 22:34:17.282   735  1854 I ImeTracker: system_server:e332660b: onRequestHide at ORIGIN_SERVER reason IME_REQUESTED_CHANGED_LISTENER fromUser false
05-13 22:34:17.283 10426 10426 I GoogleInputMethodService: GoogleInputMethodService.onFinishInput():2186 
05-13 22:34:17.285   735   774 I ImeTracker: system_server:e332660b: onCancelled at PHASE_SERVER_SHOULD_HIDE
05-13 22:34:17.286  7578  7578 I ImeTracker: com.google.android.apps.nexuslauncher:c8dd132: onCancelled at PHASE_CLIENT_ALREADY_HIDDEN
05-13 22:34:17.292 18053 18069 I .apps.wellbeing: AssetManager2(0x75840f25d878) locale list changing from [] to [en-US]
05-13 22:34:17.293 10426 10426 I Module  : DeviceLockedStatusModuleProvider$Module.updateDeviceLockedStatus():103 repeatCheckTimes = 0, locked = false
05-13 22:34:17.295  3276  3361 I AiAiEcho: Predicting[0]:  [CONTEXT sampling_count=5 ]
05-13 22:34:17.295  3276  3361 I AiAiEcho: EchoTargets: 
05-13 22:34:17.295  3276  3361 I AiAiEcho: Filtered by AiAi flag check: 
05-13 22:34:17.295  3276  3361 I AiAiEcho: [CONTEXT ratelimit_period="10 SECONDS" ]
05-13 22:34:17.298  3276  3361 I AiAiEcho: #remoteViewsTwiddler: feature disabled.
05-13 22:34:17.299 10426 10426 I GoogleInputMethodService: GoogleInputMethodService.onStartInput():1444 onStartInput(EditorInfo{EditorInfo{packageName=com.google.android.apps.nexuslauncher, inputType=0, inputTypeString=NULL, enableLearning=false, autoCorrection=false, autoComplete=false, imeOptions=0, privateImeOptions=null, actionName=UNSPECIFIED, actionLabel=null, initialSelStart=-1, initialSelEnd=-1, initialCapsMode=0, label=null, fieldId=0, fieldName=null, extras=null, hintText=null, hintLocales=[]}}, false)
05-13 22:34:17.301 10426 10426 I AndroidIME: LatinIMEBase.updateInputViewCoverNavigation():321 Update input view padding, isNavbarOverInputWindow=true, bottom inset=66
05-13 22:34:17.303 10426 10426 I Module  : DeviceLockedStatusModuleProvider$Module.updateDeviceLockedStatus():103 repeatCheckTimes = 1, locked = false
05-13 22:34:17.316  3276  3361 I AiAiEcho: #postPredictionTargets: Sending updates to UISurface home with targets# 0 (types=[])
05-13 22:34:17.320 18053 18069 I .apps.wellbeing: AssetManager2(0x75840f259098) locale list changing from [] to [en-US]
05-13 22:34:17.326 18053 18069 I .apps.wellbeing: AssetManager2(0x75840f25b2f8) locale list changing from [] to [en-US]
05-13 22:34:17.327   735  1854 W PackageConfigPersister: App-specific configuration not found for packageName: com.google.android.apps.nexuslauncher and userId: 0
05-13 22:34:17.334  7578  7578 D SsBaseTemplateCard: No text view can be set up
05-13 22:34:17.334  7578  7578 D SsBaseTemplateCard: Passed-in item info is null
05-13 22:34:17.334  7578  7578 D SsBaseTemplateCard: Passed-in item info is null
05-13 22:34:17.334  7578  7578 D SsBaseTemplateCard: Passed-in item info is null
05-13 22:34:17.334  7578  7578 I SsBaseTemplateCard: Secondary card pane is null
05-13 22:34:17.359 18053 18069 I .apps.wellbeing: AssetManager2(0x75840f25f178) locale list changing from [] to [en-US]
05-13 22:34:17.385 18053 18069 I .apps.wellbeing: AssetManager2(0x75840f25c8d8) locale list changing from [] to [en-US]
05-13 22:34:17.406 18053 18069 I .apps.wellbeing: AssetManager2(0x75840f25f498) locale list changing from [] to [en-US]
05-13 22:34:17.445 18053 18069 I .apps.wellbeing: AssetManager2(0x75840f25db98) locale list changing from [] to [en-US]
05-13 22:34:17.504  3139  3161 V WindowManagerShell: Transition animation finished (aborted=false), notifying core (#87) android.os.BinderProxy@85c91a8@0
