05-13 22:34:08.783  1607  1607 D CloseableReentrantLock: Successfully released lock com.android.providers.media.photopicker.sync.CloseableReentrantLock@4a0e14[Unlocked]. Lock Name = CLOUD_PROVIDER_LOCK. Threads that may be waiting to acquire this lock = []
05-13 22:34:08.835  3139  3147 W System  : A resource failed to call release. 
05-13 22:34:08.836  3139  3147 W System  : A resource failed to call release. 
05-13 22:34:08.837  3139  3147 W System  : A resource failed to call release. 
05-13 22:34:08.837  3139  3147 W System  : A resource failed to call release. 
05-13 22:34:08.837  3139  3147 W System  : A resource failed to call release. 
05-13 22:34:08.837  3139  3147 W System  : A resource failed to call release. 
05-13 22:34:08.847   735   998 I SdkSandboxManager: No SDKs used. Skipping SDK data reconcilation for CallingInfo{mUid=10217, mPackageName='com.mentoraappnew, mAppProcessToken='null'}
05-13 22:34:08.862  1227  1227 D CarrierSvcBindHelper: No carrier app for: 0
05-13 22:34:08.862  1227  1227 D CarrierSvcBindHelper: onPackageModified: com.mentoraappnew
05-13 22:34:08.862  1227  1227 D CarrierSvcBindHelper: No carrier app for: 0
05-13 22:34:09.031   735   771 W Looper  : Slow dispatch took 151ms android.fg app=system_server main=false group=FOREGROUND h=android.os.Handler c=com.android.server.am.SameProcessApplicationThread$$ExternalSyntheticLambda1@5e37383 m=0
05-13 22:34:09.047  7578  7615 I s.nexuslauncher: AssetManager2(0x75840f268778) locale list changing from [] to [en-US]
05-13 22:34:09.054  7578  7615 W HWUI    : Image decoding logging dropped!
05-13 22:34:09.066  7578  7615 W HWUI    : Image decoding logging dropped!
05-13 22:34:09.123   735   771 W Looper  : Drained
05-13 22:34:09.135   735  1768 W ContentProviderHelper: Slow operation: 56ms so far, now at getContentProviderImpl: before updateOomAdj
05-13 22:34:09.172   735  1768 D ActivityManager: sync unfroze 18053 com.google.android.apps.wellbeing for 7
05-13 22:34:09.200   735  1768 W ContentProviderHelper: Slow operation: 120ms so far, now at getContentProviderImpl: after updateOomAdj
05-13 22:34:09.203   735  1768 W ContentProviderHelper: Slow operation: 124ms so far, now at getContentProviderImpl: done!
05-13 22:34:09.205   735   784 I system_server: AssetManager2(0x75840f2dd438) locale list changing from [] to [en-US]
05-13 22:34:09.229   735   992 D BackgroundInstallControlService: Package event received: 0
05-13 22:34:09.247   735   785 D ActivityManager: sync unfroze 19788 com.google.android.permissioncontroller for 3
05-13 22:34:09.265   735   907 W AppOpService: Ignored setUidMode call for runtime permission app op: uid = 1001, code = READ_SMS, mode = allow, callingUid = 1001, oldMode = allow
05-13 22:34:09.267   735  1768 W AppOpService: Ignored setUidMode call for runtime permission app op: uid = 1001, code = RECEIVE_SMS, mode = allow, callingUid = 1001, oldMode = allow
05-13 22:34:09.272   735  1768 W AppOpService: Ignored setUidMode call for runtime permission app op: uid = 1001, code = RECEIVE_WAP_PUSH, mode = allow, callingUid = 1001, oldMode = allow
05-13 22:34:09.274   735  1768 W AppOpService: Ignored setUidMode call for runtime permission app op: uid = 1001, code = SEND_SMS, mode = allow, callingUid = 1001, oldMode = allow
05-13 22:34:09.275   735   898 I system_server: AssetManager2(0x75840f2d8938) locale list changing from [] to [en-US]
05-13 22:34:09.282   735  1768 W AppOpService: Ignored setUidMode call for runtime permission app op: uid = 1001, code = READ_CELL_BROADCASTS, mode = allow, callingUid = 1001, oldMode = allow
05-13 22:34:09.286   735   754 I system_server: Background concurrent mark compact GC freed 20MB AllocSpace bytes, 24(460KB) LOS objects, 40% free, 35MB/59MB, paused 60.745ms,34.163ms total 1.115s
05-13 22:34:09.290 18188 18205 I Finsky:background: [66] Stats for Executor: bgExecutor vqs@c4cf6d8[Running, pool size = 4, active threads = 0, queued tasks = 0, completed tasks = 4153]
05-13 22:34:09.290 18188 18205 I Finsky:background: [66] Stats for Executor: LightweightExecutor vqs@30b1a31[Running, pool size = 3, active threads = 0, queued tasks = 0, completed tasks = 6798]
05-13 22:34:09.292 18188 18205 I Finsky:background: [66] Stats for Executor: BlockingExecutor vqs@9b4516[Running, pool size = 1, active threads = 0, queued tasks = 0, completed tasks = 439]
05-13 22:34:09.293   735   785 D ActivityManager: sync unfroze 18188 com.android.vending:background for 3
05-13 22:34:09.295   735   785 D ActivityManager: sync unfroze 18135 com.android.vending for 3
05-13 22:34:09.348 18135 18166 I Finsky  : [65] Stats for Executor: BlockingExecutor vqs@9e2b1[Running, pool size = 0, active threads = 0, queued tasks = 0, completed tasks = 405]
05-13 22:34:09.457 18135 18166 I Finsky  : [65] Stats for Executor: LightweightExecutor vqs@d2da396[Running, pool size = 3, active threads = 0, queued tasks = 0, completed tasks = 2322]
05-13 22:34:09.458 18135 18166 I Finsky  : [65] Stats for Executor: bgExecutor vqs@4a8b17[Running, pool size = 4, active threads = 0, queued tasks = 0, completed tasks = 2509]
05-13 22:34:09.459   735   756 W System  : A resource failed to call close. 
05-13 22:34:09.478 18188 18188 I Finsky:background: [2] Memory trim requested to level 40
05-13 22:34:09.487   735   907 E AppOps  : attributionTag VCN not declared in manifest of android
05-13 22:34:09.504 18188 18188 I Finsky:background: [2] Memory trim requested to level 40
05-13 22:34:09.509 18188 18188 I Finsky:background: [2] Memory trim requested to level 40
05-13 22:34:09.509 18188 18188 I Finsky:background: [2] Memory trim requested to level 40
05-13 22:34:09.510 18188 18188 I Finsky:background: [2] Memory trim requested to level 40
05-13 22:34:09.511 18188 18188 I Finsky:background: [2] Memory trim requested to level 40
05-13 22:34:09.513  7578  7635 W HWUI    : Failed to choose config with EGL_SWAP_BEHAVIOR_PRESERVED, retrying without...
05-13 22:34:09.513  7578  7635 W HWUI    : Failed to initialize 101010-2 format, error = EGL_SUCCESS
05-13 22:34:09.515 18188 18188 I Finsky:background: [2] ajlz - Received: android.intent.action.PACKAGE_REMOVED, [Rk3S88jByGlMUwAnsIHyKz3h32TJRDSP3omrnEfAtHA]
05-13 22:34:09.521   735   992 D BackgroundInstallControlService: Package event received: 0
05-13 22:34:09.589   735  1768 W AppOpService: Ignored setUidMode call for runtime permission app op: uid = 1001, code = READ_SMS, mode = allow, callingUid = 1001, oldMode = allow
05-13 22:34:09.590 18135 18135 I Finsky  : [2] Memory trim requested to level 40
05-13 22:34:09.591 18135 18135 I Finsky  : [2] Flushing in-memory image cache
05-13 22:34:09.601   735   759 W AppOpService: Ignored setUidMode call for runtime permission app op: uid = 1001, code = RECEIVE_SMS, mode = allow, callingUid = 1001, oldMode = allow
05-13 22:34:09.608   735   759 W AppOpService: Ignored setUidMode call for runtime permission app op: uid = 1001, code = RECEIVE_WAP_PUSH, mode = allow, callingUid = 1001, oldMode = allow
05-13 22:34:09.609   735   907 W AppOpService: Ignored setUidMode call for runtime permission app op: uid = 1001, code = SEND_SMS, mode = allow, callingUid = 1001, oldMode = allow
05-13 22:34:09.611   735   907 W AppOpService: Ignored setUidMode call for runtime permission app op: uid = 1001, code = READ_CELL_BROADCASTS, mode = allow, callingUid = 1001, oldMode = allow
05-13 22:34:09.630  1227  1555 D ImsResolver: maybeAddedImsService, packageName: com.mentoraappnew
05-13 22:34:09.630  1227  1555 V ImsResolver: searchForImsServices: package=com.mentoraappnew, users=[UserHandle{0}]
05-13 22:34:09.630   735   735 W Looper  : Slow dispatch took 1249ms main app=system_server main=true group=FOREGROUND h=android.app.ActivityThread$H c=android.app.LoadedApk$ReceiverDispatcher$Args$$ExternalSyntheticLambda0@8a673fa m=0
05-13 22:34:09.630 18135 18135 I Finsky  : [2] Memory trim requested to level 40
05-13 22:34:09.631 18135 18135 I Finsky  : [2] Flushing in-memory image cache
05-13 22:34:09.631   735   735 W Looper  : Slow delivery took 1429ms main app=system_server main=true group=FOREGROUND h=android.app.ActivityThread$H c=android.app.LoadedApk$ReceiverDispatcher$Args$$ExternalSyntheticLambda0@a1a0c08 m=0
05-13 22:34:09.638  1227  1555 V ImsResolver: searchForImsServices: package=com.mentoraappnew, users=[UserHandle{0}]
05-13 22:34:09.639  1227  1227 W VvmPkgInstalledRcvr: carrierVvmPkgAdded: carrier vvm packages doesn't contain com.mentoraappnew
05-13 22:34:09.641  7578  7578 D ActivityThread: Package [com.mentoraappnew] reported as REPLACED, but missing application info. Assuming REMOVED.
05-13 22:34:09.642  3276  3276 D ActivityThread: Package [com.mentoraappnew] reported as REPLACED, but missing application info. Assuming REMOVED.
05-13 22:34:09.643 18135 18135 I Finsky  : [2] Memory trim requested to level 40
05-13 22:34:09.643 18135 18135 I Finsky  : [2] Flushing in-memory image cache
05-13 22:34:09.645 17947 17947 D ActivityThread: Package [com.mentoraappnew] reported as REPLACED, but missing application info. Assuming REMOVED.
05-13 22:34:09.645 18135 18135 I Finsky  : [2] Memory trim requested to level 40
05-13 22:34:09.645 18135 18135 I Finsky  : [2] Flushing in-memory image cache
05-13 22:34:09.645 19788 19788 I SafetyLabelChangedBroadcastReceiver: received broadcast packageName: com.mentoraappnew, current user: UserHandle{0}, packageChangeEvent: UPDATE, intent user: UserHandle{0}
05-13 22:34:09.652 10426 10426 D ActivityThread: Package [com.mentoraappnew] reported as REPLACED, but missing application info. Assuming REMOVED.
05-13 22:34:09.654 19788 19788 D ActivityThread: Package [com.mentoraappnew] reported as REPLACED, but missing application info. Assuming REMOVED.
05-13 22:34:09.661   735   815 W IPCThreadState: Sending oneway calls to frozen process.
05-13 22:34:09.661   735   815 W IPCThreadState: Sending oneway calls to frozen process.
05-13 22:34:09.661   735   815 W IPCThreadState: Sending oneway calls to frozen process.
05-13 22:34:09.661   735   815 W IPCThreadState: Sending oneway calls to frozen process.
05-13 22:34:09.661   735   815 W IPCThreadState: Sending oneway calls to frozen process.
05-13 22:34:09.661   735   815 W IPCThreadState: Sending oneway calls to frozen process.
05-13 22:34:09.662   735   815 W IPCThreadState: Sending oneway calls to frozen process.
05-13 22:34:09.667  7578  7615 W HWUI    : Image decoding logging dropped!
05-13 22:34:09.683 18053 18053 D ActivityThread: Package [com.mentoraappnew] reported as REPLACED, but missing application info. Assuming REMOVED.
05-13 22:34:09.685   735   815 W IPCThreadState: Sending oneway calls to frozen process.
05-13 22:34:09.686   735   815 W IPCThreadState: Sending oneway calls to frozen process.
05-13 22:34:09.687   735   815 W IPCThreadState: Sending oneway calls to frozen process.
05-13 22:34:09.687   735   815 W IPCThreadState: Sending oneway calls to frozen process.
05-13 22:34:09.687   735   815 W IPCThreadState: Sending oneway calls to frozen process.
05-13 22:34:09.687   735   815 W IPCThreadState: Sending oneway calls to frozen process.
05-13 22:34:09.691  1607  1607 D ActivityThread: Package [com.mentoraappnew] reported as REPLACED, but missing application info. Assuming REMOVED.
05-13 22:34:09.691 18135 18135 I Finsky  : [2] ajmk - Received: android.intent.action.PACKAGE_REMOVED, [Rk3S88jByGlMUwAnsIHyKz3h32TJRDSP3omrnEfAtHA]
05-13 22:34:09.692 19614 19614 D ActivityThread: Package [com.mentoraappnew] reported as REPLACED, but missing application info. Assuming REMOVED.
05-13 22:34:09.692 20573 20573 D ActivityThread: Package [com.mentoraappnew] reported as REPLACED, but missing application info. Assuming REMOVED.
05-13 22:34:09.693  7578  7615 D AlphabeticIndexCompat: computeSectionName: cs: MentoraAppNew sectionName: M
05-13 22:34:09.693  1248  1248 D ActivityThread: Package [com.mentoraappnew] reported as REPLACED, but missing application info. Assuming REMOVED.
05-13 22:34:09.697  7578  7578 D AllAppsStore: setApps: apps.length=21
05-13 22:34:09.697  7578  7578 D AllAppsStore: notifyUpdate: notifying listeners
05-13 22:34:09.697  7578  7578 D ActivityAllAppsContainerView: onAppsUpdated; number of apps: 21
05-13 22:34:09.697  7578  7578 D ActivityAllAppsContainerView: rebindAdapters: force: false
05-13 22:34:09.697  7578  7578 D ActivityAllAppsContainerView: rebindAdapters: Not needed.
05-13 22:34:09.697  7578  7578 D StatsLog: LAUNCHER_ALLAPPS_COUNT
05-13 22:34:09.698  7578  7578 D AlphabeticalAppsList: Clearing FastScrollerSections.
05-13 22:34:09.698  7578  7578 D AlphabeticalAppsList: Adding apps with sections. HasPrivateApps: false
05-13 22:34:09.698  7578  7578 D AlphabeticalAppsList: addAppsWithSections: adding sectionName: C with appInfoTitle: Calendar
05-13 22:34:09.698  7578  7578 D AlphabeticalAppsList: addAppsWithSections: adding sectionName: D with appInfoTitle: Drive
05-13 22:34:09.698  7578  7578 D AlphabeticalAppsList: addAppsWithSections: adding sectionName: F with appInfoTitle: Files
05-13 22:34:09.698  7578  7578 D AlphabeticalAppsList: addAppsWithSections: adding sectionName: G with appInfoTitle: Gmail
05-13 22:34:09.698  7578  7578 D AlphabeticalAppsList: addAppsWithSections: adding sectionName: M with appInfoTitle: Maps
05-13 22:34:09.698  7578  7578 D AlphabeticalAppsList: addAppsWithSections: adding sectionName: P with appInfoTitle: Phone
05-13 22:34:09.698  7578  7578 D AlphabeticalAppsList: addAppsWithSections: adding sectionName: S with appInfoTitle: Safety
05-13 22:34:09.698  7578  7578 D AlphabeticalAppsList: addAppsWithSections: adding sectionName: T with appInfoTitle: TMoble
05-13 22:34:09.698  7578  7578 D AlphabeticalAppsList: addAppsWithSections: adding sectionName: V with appInfoTitle: Voice Access
05-13 22:34:09.698  7578  7578 D AlphabeticalAppsList: addAppsWithSections: adding sectionName: Y with appInfoTitle: YouTube
05-13 22:34:09.698  7578  7578 D AlphabeticalAppsList: Adding FastScrollSection duplicate to scroll to the bottom.
05-13 22:34:09.699  7578  7578 D AlphabeticalAppsList: Clearing FastScrollerSections.
05-13 22:34:09.699  7578  7578 D AlphabeticalAppsList: Adding apps with sections. HasPrivateApps: false
05-13 22:34:09.699  7578  7578 D AlphabeticalAppsList: addAppsWithSections: adding sectionName: C with appInfoTitle: Calendar
05-13 22:34:09.699  7578  7578 D AlphabeticalAppsList: addAppsWithSections: adding sectionName: D with appInfoTitle: Drive
05-13 22:34:09.699  7578  7578 D AlphabeticalAppsList: addAppsWithSections: adding sectionName: F with appInfoTitle: Files
05-13 22:34:09.700  7578  7578 D AlphabeticalAppsList: addAppsWithSections: adding sectionName: G with appInfoTitle: Gmail
05-13 22:34:09.700  7578  7578 D AlphabeticalAppsList: addAppsWithSections: adding sectionName: M with appInfoTitle: Maps
05-13 22:34:09.700  7578  7578 D AlphabeticalAppsList: addAppsWithSections: adding sectionName: P with appInfoTitle: Phone
05-13 22:34:09.700  7578  7578 D AlphabeticalAppsList: addAppsWithSections: adding sectionName: S with appInfoTitle: Safety
05-13 22:34:09.700  7578  7578 D AlphabeticalAppsList: addAppsWithSections: adding sectionName: T with appInfoTitle: TMoble
05-13 22:34:09.700  7578  7578 D AlphabeticalAppsList: addAppsWithSections: adding sectionName: V with appInfoTitle: Voice Access
05-13 22:34:09.700  7578  7578 D AlphabeticalAppsList: addAppsWithSections: adding sectionName: Y with appInfoTitle: YouTube
05-13 22:34:09.700  7578  7578 D AlphabeticalAppsList: Adding FastScrollSection duplicate to scroll to the bottom.
05-13 22:34:09.722   735   815 W IPCThreadState: Sending oneway calls to frozen process.
05-13 22:34:09.722   735   815 W IPCThreadState: Sending oneway calls to frozen process.
05-13 22:34:09.722   735   815 W IPCThreadState: Sending oneway calls to frozen process.
05-13 22:34:09.722   735   815 W IPCThreadState: Sending oneway calls to frozen process.
05-13 22:34:09.723   735   815 W IPCThreadState: Sending oneway calls to frozen process.
05-13 22:34:09.723   735   815 W IPCThreadState: Sending oneway calls to frozen process.
05-13 22:34:09.723   735   815 W IPCThreadState: Sending oneway calls to frozen process.
05-13 22:34:09.723   735   815 W IPCThreadState: Sending oneway calls to frozen process.
05-13 22:34:09.724   735   815 W IPCThreadState: Sending oneway calls to frozen process.
05-13 22:34:09.738 19909 19909 D ActivityThread: Package [com.mentoraappnew] reported as REPLACED, but missing application info. Assuming REMOVED.
05-13 22:34:09.724   735   815 W IPCThreadState: Sending oneway calls to frozen process.
05-13 22:34:09.747   735   815 W IPCThreadState: Sending oneway calls to frozen process.
05-13 22:34:09.747   735   815 W IPCThreadState: Sending oneway calls to frozen process.
05-13 22:34:09.755   735   815 W IPCThreadState: Sending oneway calls to frozen process.
05-13 22:34:09.755   735   815 W IPCThreadState: Sending oneway calls to frozen process.
05-13 22:34:09.755   735   815 W IPCThreadState: Sending oneway calls to frozen process.
05-13 22:34:09.756 18188 18188 I Finsky:background: [2] ajlz - Received: android.intent.action.PACKAGE_ADDED, [Rk3S88jByGlMUwAnsIHyKz3h32TJRDSP3omrnEfAtHA]
05-13 22:34:09.756  1206  1206 D ActivityThread: Package [com.mentoraappnew] reported as REPLACED, but missing application info. Assuming REMOVED.
05-13 22:34:09.758  3139  3139 D ActivityThread: Package [com.mentoraappnew] reported as REPLACED, but missing application info. Assuming REMOVED.
05-13 22:34:09.758  2916  2916 D ActivityThread: Package [com.mentoraappnew] reported as REPLACED, but missing application info. Assuming REMOVED.
05-13 22:34:09.762  1227  1227 D ActivityThread: Package [com.mentoraappnew] reported as REPLACED, but missing application info. Assuming REMOVED.
05-13 22:34:09.763 21252 21252 D ActivityThread: Package [com.mentoraappnew] reported as REPLACED, but missing application info. Assuming REMOVED.
05-13 22:34:09.772  1158  1158 D ActivityThread: Package [com.mentoraappnew] reported as REPLACED, but missing application info. Assuming REMOVED.
05-13 22:34:09.787  1716  1716 D ActivityThread: Package [com.mentoraappnew] reported as REPLACED, but missing application info. Assuming REMOVED.
05-13 22:34:09.804   735   735 I Telecom : CarModeTracker: Package com.mentoraappnew is not tracked.: SSH.oR@Abw
05-13 22:34:09.805   735   735 I Telecom : InCallController: updateCarModeForConnections: car mode apps: : SSH.oR@Abw
05-13 22:34:09.810   735   735 I Telecom : InCallController: update carmode current:UserHandle{0} parent:null: SSH.oR@Abw
05-13 22:34:09.824 18188 18226 I Finsky:background: [78] IQ:PSL: skipping onPackageRemoved(replacing=true) for untracked package=com.mentoraappnew
05-13 22:34:09.825 18188 23098 I Finsky:background: [340] Wrote row to frosting DB: 827
05-13 22:34:09.832 18188 18188 I Finsky:background: [2] ajlz - Received: android.intent.action.PACKAGE_ADDED, [Rk3S88jByGlMUwAnsIHyKz3h32TJRDSP3omrnEfAtHA]
05-13 22:34:09.864 18188 18188 I Finsky:background: [2] ajlz - Deduping intent android.intent.action.PACKAGE_ADDED
05-13 22:34:09.878  7578  7585 I s.nexuslauncher: Background concurrent mark compact GC freed 2056KB AllocSpace bytes, 8(520KB) LOS objects, 49% free, 6507KB/12MB, paused 9.577ms,3.125ms total 223.308ms
05-13 22:34:09.883 18188 18188 I Finsky:background: [2] ajlz - Received: android.intent.action.PACKAGE_ADDED, [Rk3S88jByGlMUwAnsIHyKz3h32TJRDSP3omrnEfAtHA]
05-13 22:34:09.889 18188 23098 I Finsky:background: [340] Wrote row to frosting DB: 828
05-13 22:34:09.902   735   992 D BackgroundInstallControlService: Package event received: 0
05-13 22:34:09.922 10426 10426 D ActivityThread: Package [com.mentoraappnew] reported as REPLACED, but missing application info. Assuming REMOVED.
05-13 22:34:09.923  7578  7578 D ActivityThread: Package [com.mentoraappnew] reported as REPLACED, but missing application info. Assuming REMOVED.
05-13 22:34:09.923  3276  3276 D ActivityThread: Package [com.mentoraappnew] reported as REPLACED, but missing application info. Assuming REMOVED.
05-13 22:34:09.924   735   815 W IPCThreadState: Sending oneway calls to frozen process.
05-13 22:34:09.924   735   815 W IPCThreadState: Sending oneway calls to frozen process.
05-13 22:34:09.924   735   815 W IPCThreadState: Sending oneway calls to frozen process.
05-13 22:34:09.924   735   815 W IPCThreadState: Sending oneway calls to frozen process.
05-13 22:34:09.924   735   815 W IPCThreadState: Sending oneway calls to frozen process.
05-13 22:34:09.924   735   815 W IPCThreadState: Sending oneway calls to frozen process.
05-13 22:34:09.924   735   815 W IPCThreadState: Sending oneway calls to frozen process.
05-13 22:34:09.925   735   815 W IPCThreadState: Sending oneway calls to frozen process.
05-13 22:34:09.929 20573 20573 D ActivityThread: Package [com.mentoraappnew] reported as REPLACED, but missing application info. Assuming REMOVED.
05-13 22:34:09.929 21252 21252 D ActivityThread: Package [com.mentoraappnew] reported as REPLACED, but missing application info. Assuming REMOVED.
05-13 22:34:09.931   735   815 W IPCThreadState: Sending oneway calls to frozen process.
05-13 22:34:09.931   735   815 W IPCThreadState: Sending oneway calls to frozen process.
05-13 22:34:09.931   735   815 W IPCThreadState: Sending oneway calls to frozen process.
05-13 22:34:09.931   735   998 I SdkSandboxManager: No SDKs used. Skipping SDK data reconcilation for CallingInfo{mUid=10217, mPackageName='com.mentoraappnew, mAppProcessToken='null'}
05-13 22:34:09.931 19909 19909 D ActivityThread: Package [com.mentoraappnew] reported as REPLACED, but missing application info. Assuming REMOVED.
05-13 22:34:09.931 19614 19614 D ActivityThread: Package [com.mentoraappnew] reported as REPLACED, but missing application info. Assuming REMOVED.
05-13 22:34:09.934 17947 17947 D ActivityThread: Package [com.mentoraappnew] reported as REPLACED, but missing application info. Assuming REMOVED.
05-13 22:34:09.935  1607  1607 D ActivityThread: Package [com.mentoraappnew] reported as REPLACED, but missing application info. Assuming REMOVED.
05-13 22:34:09.936   735   815 W IPCThreadState: Sending oneway calls to frozen process.
05-13 22:34:09.936   735   815 W IPCThreadState: Sending oneway calls to frozen process.
05-13 22:34:09.936   735   815 W IPCThreadState: Sending oneway calls to frozen process.
05-13 22:34:09.937 19788 19788 D ActivityThread: Package [com.mentoraappnew] reported as REPLACED, but missing application info. Assuming REMOVED.
05-13 22:34:09.938  1227  1227 D SatelliteController: packageStateChanged: package:com.mentoraappnew DefaultSmsPackageName:com.google.android.apps.messaging
05-13 22:34:09.938  1227  1227 V SatelliteController: Neither SMS or SatelliteGateway package
05-13 22:34:09.940   735   815 W IPCThreadState: Sending oneway calls to frozen process.
05-13 22:34:09.940   735   815 W IPCThreadState: Sending oneway calls to frozen process.
05-13 22:34:09.952  7578  7587 W System  : A resource failed to call release. 
05-13 22:34:09.953  7578  7587 W System  : A resource failed to call release. 
05-13 22:34:09.953  7578  7587 W System  : A resource failed to call release. 
05-13 22:34:09.953 18053 18053 D ActivityThread: Package [com.mentoraappnew] reported as REPLACED, but missing application info. Assuming REMOVED.
05-13 22:34:09.957   735   815 W IPCThreadState: Sending oneway calls to frozen process.
05-13 22:34:09.957   735   815 W IPCThreadState: Sending oneway calls to frozen process.
05-13 22:34:09.957   735   815 W IPCThreadState: Sending oneway calls to frozen process.
05-13 22:34:09.957   735   815 W IPCThreadState: Sending oneway calls to frozen process.
05-13 22:34:09.958   735   815 W IPCThreadState: Sending oneway calls to frozen process.
05-13 22:34:09.958   735   815 W IPCThreadState: Sending oneway calls to frozen process.
05-13 22:34:09.958   735   815 W IPCThreadState: Sending oneway calls to frozen process.
05-13 22:34:09.958   735   815 W IPCThreadState: Sending oneway calls to frozen process.
05-13 22:34:09.958   735   815 W IPCThreadState: Sending oneway calls to frozen process.
05-13 22:34:09.958   735   815 W IPCThreadState: Sending oneway calls to frozen process.
05-13 22:34:09.958   735   815 W IPCThreadState: Sending oneway calls to frozen process.
05-13 22:34:09.958   735   815 W IPCThreadState: Sending oneway calls to frozen process.
05-13 22:34:09.962   735   941 E AppOps  : attributionTag VCN not declared in manifest of android
05-13 22:34:09.974  3139  3139 D ControlsListingControllerImpl: ServiceConfig reloaded, count: 0
05-13 22:34:09.977 18135 18135 I Finsky  : [2] ajmk - Received: android.intent.action.PACKAGE_ADDED, [Rk3S88jByGlMUwAnsIHyKz3h32TJRDSP3omrnEfAtHA]
05-13 22:34:09.979  2916  2916 D ActivityThread: Package [com.mentoraappnew] reported as REPLACED, but missing application info. Assuming REMOVED.
05-13 22:34:09.995 18188 18188 I Finsky:background: [2] ajlz - Deduping intent android.intent.action.PACKAGE_ADDED
05-13 22:34:09.997 18188 18221 I Finsky:background: [76] RECEIVER_PACKAGE_MONITOR_BACKGROUND#logWorkEndAndFinishGoAsync: SUCCESS
05-13 22:34:09.997  3139  3139 D ActivityThread: Package [com.mentoraappnew] reported as REPLACED, but missing application info. Assuming REMOVED.
05-13 22:34:10.004 18135 23102 I Finsky  : [303] [ContentSync] finished, scheduled=false
05-13 22:34:10.022 18188 18188 D ActivityThread: Package [com.mentoraappnew] reported as REPLACED, but missing application info. Assuming REMOVED.
05-13 22:34:10.025 18188 18188 D ActivityThread: Package [com.mentoraappnew] reported as REPLACED, but missing application info. Assuming REMOVED.
05-13 22:34:10.028  1158  1158 D ActivityThread: Package [com.mentoraappnew] reported as REPLACED, but missing application info. Assuming REMOVED.
05-13 22:34:10.032  1227  1227 D ActivityThread: Package [com.mentoraappnew] reported as REPLACED, but missing application info. Assuming REMOVED.
05-13 22:34:10.034  1206  1206 D ActivityThread: Package [com.mentoraappnew] reported as REPLACED, but missing application info. Assuming REMOVED.
05-13 22:34:10.038  1716  1716 D ActivityThread: Package [com.mentoraappnew] reported as REPLACED, but missing application info. Assuming REMOVED.
05-13 22:34:10.041   735   784 I system_server: AssetManager2(0x75840f2e3518) locale list changing from [] to [en-US]
05-13 22:34:10.058   735  1854 D ActivityManager: sync unfroze 17416 com.google.android.gms for 6
05-13 22:34:10.076   735   815 D PackageInstallerSession: Marking session 1786633307 as applied
05-13 22:34:10.085   735   876 I RoleService: Granting default roles...
05-13 22:34:10.092   735   842 D InstallDependencyHelper: Session complete for 1786633307
05-13 22:34:10.101   735   735 D AppSearchAppsIndexerManagerS: userid in package receiver: 10217
05-13 22:34:10.104 17416 17416 D ActivityThread: Package [com.mentoraappnew] reported as REPLACED, but missing application info. Assuming REMOVED.
05-13 22:34:10.111 17416 17416 D ActivityThread: Package [com.mentoraappnew] reported as REPLACED, but missing application info. Assuming REMOVED.
05-13 22:34:10.130 18135 23102 I Finsky  : [303] [ContentSync] finished, scheduled=false
05-13 22:34:10.154 18188 23098 I Finsky:background: [340] Wrote row to frosting DB: 829
05-13 22:34:10.167   735   735 D ActivityThread: Package [com.mentoraappnew] reported as REPLACED, but missing application info. Assuming REMOVED.
05-13 22:34:10.114   735   735 W binder:735_18: type=1400 audit(0.0:716): avc:  denied  { getopt } for  scontext=u:r:system_server:s0 tcontext=u:r:shell:s0 tclass=unix_stream_socket permissive=0
05-13 22:34:10.175   735   785 V GrammaticalInflectionUtils: AttributionSource: android.content.AttributionSource@8fef225c does not have READ_SYSTEM_GRAMMATICAL_GENDER permission.
05-13 22:34:10.170   735   735 W binder:735_18: type=1400 audit(0.0:717): avc:  denied  { getopt } for  scontext=u:r:system_server:s0 tcontext=u:r:shell:s0 tclass=unix_stream_socket permissive=0
05-13 22:34:10.170   735   735 W binder:735_18: type=1400 audit(0.0:718): avc:  denied  { getopt } for  scontext=u:r:system_server:s0 tcontext=u:r:shell:s0 tclass=unix_stream_socket permissive=0
05-13 22:34:10.228 23107 23107 W dumpsys : Thread Pool max thread count is 0. Cannot cache binder as linkToDeath cannot be implemented. serviceName: package
05-13 22:34:10.267   735   785 W ActivityManager: Slow operation: 54ms so far, now at startProcess: building args
05-13 22:34:10.273 18188 23098 I Finsky:background: [340] Wrote row to frosting DB: 830
05-13 22:34:10.307   735   785 W ActivityManager: Slow operation: 132ms so far, now at startProcess: done starting proc!
05-13 22:34:10.359   735   786 W ActivityManager: Slow operation: 102ms so far, now at startProcess: asking zygote to start proc
05-13 22:34:10.359   735   992 D BackgroundInstallControlService: Package event received: 0
05-13 22:34:10.360   735   992 D BackgroundInstallControlService: Package event received: 0
05-13 22:34:10.361   735   735 W Looper  : Slow dispatch took 181ms main app=system_server main=true group=FOREGROUND h=android.app.ActivityThread$H c=android.app.LoadedApk$ReceiverDispatcher$Args$$ExternalSyntheticLambda0@37c701f m=0
05-13 22:34:10.370   735   735 D AppSearchAppsIndexerManagerS: userid in package receiver: 10217
05-13 22:34:10.377   735   735 D ActivityThread: Package [com.mentoraappnew] reported as REPLACED, but missing application info. Assuming REMOVED.
05-13 22:34:10.378 18135 18135 I Finsky  : [2] DTU: Received onPackageAdded, replacing: true
05-13 22:34:10.387   735   735 W AlarmManager: Package com.mentoraappnew, uid 10217 lost permission to set exact alarms!
05-13 22:34:10.402   461   461 D Zygote  : Forked child process 23115
05-13 22:34:10.416   735   786 W ActivityManager: Slow operation: 203ms so far, now at startProcess: returned from zygote!
05-13 22:34:10.526 18188 23098 I Finsky:background: [340] Wrote row to frosting DB: 831
05-13 22:34:10.567 23115 23115 I m.mentoraappnew: Using CollectorTypeCMC GC.
05-13 22:34:10.573 23115 23115 W m.mentoraappnew: Unexpected CPU variant for x86: x86_64.
05-13 22:34:10.573 23115 23115 W m.mentoraappnew: Known variants: atom, sandybridge, silvermont, goldmont, goldmont-plus, goldmont-without-sha-xsaves, tremont, kabylake, alderlake, default
05-13 22:34:10.573 18188 23098 I Finsky:background: [340] Wrote row to frosting DB: 832
05-13 22:34:10.617 23115 23115 E m.mentoraappnew: Not starting debugger since process cannot load the jdwp agent.
05-13 22:34:10.620 19788  3206 I PermissionControllerServiceImpl: Updating user sensitive for uid 10217
05-13 22:34:10.660   735  1173 W SignedPackage: Package doesn't have required signing certificate: com.google.android.retaildemo
05-13 22:34:10.695  1248  1248 D ActivityThread: Package [com.mentoraappnew] reported as REPLACED, but missing application info. Assuming REMOVED.
05-13 22:34:10.745   735  1173 E RoleControllerServiceImpl: Default/fallback role holder package doesn't qualify for the role, package: com.google.android.gms.supervision, role: android.app.role.SYSTEM_SUPERVISION
05-13 22:34:10.745 23111 23111 D AndroidRuntime: >>>>>> START com.android.internal.os.RuntimeInit uid 2000 <<<<<<
05-13 22:34:10.748   735   784 I system_server: AssetManager2(0x75840f274f78) locale list changing from [] to [en-US]
05-13 22:34:10.771   735  1173 W SignedPackage: Package doesn't have required signing certificate: com.google.android.apps.work.clouddpc
05-13 22:34:10.783 23111 23111 I AndroidRuntime: Using default boot image
05-13 22:34:10.783 23111 23111 I AndroidRuntime: Leaving lock profiling enabled
05-13 22:34:10.791 23111 23111 I app_process: Using CollectorTypeCMC GC.
05-13 22:34:10.851  2249  7687 I artd    : GetBestInfo: odex next to the dex file (/data/app/~~eN7Nwv8Cvi2tGQCs3G2Q9g==/com.google.android.gms-J5-sO8KYUB6q_5TyZjGCuA==/oat/x86_64/base.odex) is kOatUpToDate with filter 'speed-profile' executable 'false'
05-13 22:34:10.864  2249  7687 I artd    : GetBestInfo: odex next to the dex file (/data/app/~~eN7Nwv8Cvi2tGQCs3G2Q9g==/com.google.android.gms-J5-sO8KYUB6q_5TyZjGCuA==/oat/x86_64/split_AdsDynamite_installtime.odex) is kOatUpToDate with filter 'speed' executable 'false'
05-13 22:34:10.868  2249  7687 I artd    : GetBestInfo: odex next to the dex file (/data/app/~~eN7Nwv8Cvi2tGQCs3G2Q9g==/com.google.android.gms-J5-sO8KYUB6q_5TyZjGCuA==/oat/x86_64/split_CronetDynamite_installtime.odex) is kOatUpToDate with filter 'speed' executable 'false'
05-13 22:34:10.874   735   786 W ActivityManager: Slow operation: 661ms so far, now at startProcess: done updating battery stats
05-13 22:34:10.874   735   786 W ActivityManager: Slow operation: 662ms so far, now at startProcess: building log message
05-13 22:34:10.874   735   786 I ActivityManager: Start proc 23115:com.mentoraappnew/u0a217 for broadcast {com.mentoraappnew/expo.modules.notifications.service.NotificationsService}
05-13 22:34:10.874   735   786 W ActivityManager: Slow operation: 662ms so far, now at startProcess: starting to update pids map
05-13 22:34:10.874   735   786 I ActivityManager: ProcessObserver broadcast disabled
05-13 22:34:10.874   735   786 W ActivityManager: Slow operation: 662ms so far, now at startProcess: done updating pids map
05-13 22:34:10.879  2249  7687 I artd    : GetBestInfo: odex next to the dex file (/data/app/~~eN7Nwv8Cvi2tGQCs3G2Q9g==/com.google.android.gms-J5-sO8KYUB6q_5TyZjGCuA==/oat/x86_64/split_DynamiteLoader_installtime.odex) is kOatUpToDate with filter 'speed' executable 'false'
05-13 22:34:10.887  2249  7687 I artd    : GetBestInfo: odex next to the dex file (/data/app/~~eN7Nwv8Cvi2tGQCs3G2Q9g==/com.google.android.gms-J5-sO8KYUB6q_5TyZjGCuA==/oat/x86_64/split_DynamiteModulesA_installtime.odex) is kOatUpToDate with filter 'speed' executable 'false'
05-13 22:34:10.892  2249  7687 I artd    : GetBestInfo: odex next to the dex file (/data/app/~~eN7Nwv8Cvi2tGQCs3G2Q9g==/com.google.android.gms-J5-sO8KYUB6q_5TyZjGCuA==/oat/x86_64/split_DynamiteModulesC_installtime.odex) is kOatUpToDate with filter 'speed' executable 'false'
05-13 22:34:10.899  2249  2255 I artd    : GetBestInfo: odex next to the dex file (/data/app/~~eN7Nwv8Cvi2tGQCs3G2Q9g==/com.google.android.gms-J5-sO8KYUB6q_5TyZjGCuA==/oat/x86_64/split_GoogleCertificates_installtime.odex) is kOatUpToDate with filter 'speed' executable 'false'
05-13 22:34:10.928  2249  2255 I artd    : GetBestInfo: odex next to the dex file (/data/app/~~eN7Nwv8Cvi2tGQCs3G2Q9g==/com.google.android.gms-J5-sO8KYUB6q_5TyZjGCuA==/oat/x86_64/split_MapsDynamite_installtime.odex) is kOatUpToDate with filter 'speed' executable 'false'
05-13 22:34:10.932 18135 18135 I Finsky  : [2] ajmk - Received: android.intent.action.PACKAGE_ADDED, [Rk3S88jByGlMUwAnsIHyKz3h32TJRDSP3omrnEfAtHA]
05-13 22:34:10.939  2249  2255 I artd    : GetBestInfo: odex next to the dex file (/data/app/~~eN7Nwv8Cvi2tGQCs3G2Q9g==/com.google.android.gms-J5-sO8KYUB6q_5TyZjGCuA==/oat/x86_64/split_MeasurementDynamite_installtime.odex) is kOatUpToDate with filter 'speed' executable 'false'
05-13 22:34:10.962   735   735 W Looper  : Slow dispatch took 582ms main app=system_server main=true group=FOREGROUND h=com.android.server.alarm.AlarmManagerService$AlarmHandler c=null m=13
05-13 22:34:11.030  2249  2255 I artd    : GetBestInfo: /data/user_de/0/com.google.android.gms/app_chimera/m/0000000c/dl-Appsearch.optional_250834100800.apk has no usable artifacts
05-13 22:34:11.031  2249  2255 I artd    : GetBestInfo: /data/user_de/0/com.google.android.gms/app_chimera/m/00000001/CronetDynamite.apk has no usable artifacts
05-13 22:34:11.082 18135 18135 I Finsky  : [2] ajmk - Deduping intent android.intent.action.PACKAGE_ADDED
05-13 22:34:11.098  2249  2255 I artd    : GetBestInfo: /data/user_de/0/com.google.android.gms/app_chimera/m/00000016/dl-MlkitOcrCommon.optional_261332100800.apk has no usable artifacts
05-13 22:34:11.105  2249  7687 I artd    : GetBestInfo: /data/user_de/0/com.google.android.gms/app_chimera/m/00000002/DynamiteLoader.apk has no usable artifacts
05-13 22:34:11.110  2249  2255 I artd    : GetBestInfo: /data/user_de/0/com.google.android.gms/app_chimera/m/00000012/dl-Appsearch.optional_261332100800.apk has no usable artifacts
05-13 22:34:11.114   735   735 W Looper  : Slow dispatch took 142ms main app=system_server main=true group=FOREGROUND h=com.android.server.notification.NotificationManagerService$WorkerHandler c=com.android.server.notification.NotificationManagerService$CancelNotificationRunnable@be4d757 m=0
05-13 22:34:11.121 18135 18135 I Finsky  : [2] ajmk - Received: android.intent.action.PACKAGE_ADDED, [Rk3S88jByGlMUwAnsIHyKz3h32TJRDSP3omrnEfAtHA]
05-13 22:34:11.122 23111 23111 D nativeloader: InitDefaultPublicLibraries for_preload=1: libandroid.so:libaaudio.so:libamidi.so:libbinder_ndk.so:libc.so:libcamera2ndk.so:libdl.so:libEGL.so:libGLESv1_CM.so:libGLESv2.so:libGLESv3.so:libicu.so:libicui18n.so:libicuuc.so:libjnigraphics.so:liblog.so:libmediandk.so:libm.so:libnativehelper.so:libnativewindow.so:libOpenMAXAL.so:libOpenSLES.so:libRS.so:libstdc++.so:libsync.so:libvulkan.so:libwebviewchromium_plat_support.so:libz.so
05-13 22:34:11.125  2249  2255 I artd    : GetBestInfo: /data/user_de/0/com.google.android.gms/app_chimera/m/00000013/dl-PlayCloudSearch.optional_261332100000.apk has no usable artifacts
05-13 22:34:11.139  2249  2255 I artd    : GetBestInfo: /data/user_de/0/com.google.android.gms/app_chimera/m/00000005/GoogleCertificates.apk has no usable artifacts
05-13 22:34:11.145 23115 23115 D nativeloader: Load libframework-connectivity-tiramisu-jni.so using APEX ns com_android_tethering for caller /apex/com.android.tethering/javalib/framework-connectivity-t.jar: ok
05-13 22:34:11.146   735 21322 V Configuration: Updating configuration, locales updated from [] to [en_US]
05-13 22:34:11.146   735 21322 V Configuration: Updating configuration, locales updated from [] to [en_US]
05-13 22:34:11.146   735 21322 V Configuration: Updating configuration, locales updated from [] to [en_US]
05-13 22:34:11.146   735 21322 V Configuration: Updating configuration, locales updated from [] to [en_US]
05-13 22:34:11.147   735 21322 V Configuration: Updating configuration, locales updated from [] to [en_US]
05-13 22:34:11.147   735 21322 V Configuration: Updating configuration, locales updated from [] to [en_US]
05-13 22:34:11.151  2249  2255 I artd    : GetBestInfo: /data/user_de/0/com.google.android.gms/app_chimera/m/00000008/dl-TfliteDynamiteDynamite.integ_252130102100800.apk has no usable artifacts
05-13 22:34:11.166 18135 18135 I Finsky  : [2] ajmk - Deduping intent android.intent.action.PACKAGE_ADDED
05-13 22:34:11.177 18135 18135 I Finsky  : [2] Memory trim requested to level 40
05-13 22:34:11.186 18135 18135 I Finsky  : [2] Flushing in-memory image cache
05-13 22:34:11.191   735   898 I system_server: AssetManager2(0x75840f2df378) locale list changing from [] to [en-US]
05-13 22:34:11.202  2249  2255 I artd    : GetBestInfo: /data/user_de/0/com.google.android.gms/app_chimera/m/00000009/dl-MlkitBarcodeUi.optional_250834100800.apk has no usable artifacts
05-13 22:34:11.203 18135 18167 I Finsky  : [66] RECEIVER_PACKAGE_MONITOR#logWorkEndAndFinishGoAsync: SUCCESS
05-13 22:34:11.227  2249  2255 I artd    : GetBestInfo: /data/user_de/0/com.google.android.gms/app_chimera/m/0000000e/dl-VisionOcr.optional_250834100000.apk has no usable artifacts
05-13 22:34:11.237 18135 18135 I Finsky  : [2] Memory trim requested to level 40
05-13 22:34:11.237 18135 18135 I Finsky  : [2] Flushing in-memory image cache
05-13 22:34:11.238 18135 18135 D ActivityThread: Package [com.mentoraappnew] reported as REPLACED, but missing application info. Assuming REMOVED.
05-13 22:34:11.245  2249  2255 I artd    : GetBestInfo: /data/user_de/0/com.google.android.gms/app_chimera/m/00000019/dl-IdentityCredentialsPlacebo.optional_261332100800.apk has no usable artifacts
05-13 22:34:11.266 23111 23111 D nativeloader: Load libicu_jni.so using APEX ns com_android_art for caller /apex/com.android.art/javalib/core-oj.jar: ok
05-13 22:34:11.266 23111 23111 D app_process: u_setTimeZoneFilesDirectory("/apex/com.android.tzdata/etc/tz/versioned/9/icu") succeeded. 
05-13 22:34:11.267 23111 23111 D app_process: I18n APEX ICU file found: /apex/com.android.i18n/etc/icu/icudt76l.dat
05-13 22:34:11.274   735   784 I system_server: AssetManager2(0x75840f2e8018) locale list changing from [] to [en-US]
05-13 22:34:11.279 18135 18135 D ActivityThread: Package [com.mentoraappnew] reported as REPLACED, but missing application info. Assuming REMOVED.
05-13 22:34:11.279  2249  2255 I artd    : GetBestInfo: /data/user_de/0/com.google.android.gms/app_chimera/m/0000000f/dl-MlkitOcrCommon.optional_250834100800.apk has no usable artifacts
05-13 22:34:11.280   735   898 V AccessibilityManagerService: onUserStateChangedLocked for userId: 0, forceUpdate: false
05-13 22:34:11.281   735   898 W MagnificationConnectionManager: requestConnection duplicated request: connect=false, mConnectionState=DISCONNECTED
05-13 22:34:11.287   735   898 I system_server: AssetManager2(0x75840f2e5458) locale list changing from [] to [en-US]
05-13 22:34:11.302   735   898 V AccessibilityManagerService: onUserStateChangedLocked for userId: 0, forceUpdate: false
05-13 22:34:11.305   735   898 W MagnificationConnectionManager: requestConnection duplicated request: connect=false, mConnectionState=DISCONNECTED
05-13 22:34:11.307 23111 23111 D nativeloader: Load libjavacore.so using APEX ns com_android_art for caller /apex/com.android.art/javalib/core-oj.jar: ok
05-13 22:34:11.311   735   735 W IPCThreadState: Sending oneway calls to frozen process.
05-13 22:34:11.312   735   735 W IPCThreadState: Sending oneway calls to frozen process.
05-13 22:34:11.312   735   735 W IPCThreadState: Sending oneway calls to frozen process.
05-13 22:34:11.313   735   735 W Looper  : Drained
05-13 22:34:11.314   735   735 W IPCThreadState: Sending oneway calls to frozen process.
05-13 22:34:11.317   735   735 W IPCThreadState: Sending oneway calls to frozen process.
05-13 22:34:11.321  2249  2255 I artd    : GetBestInfo: vdex next to the dex file (/data/user/0/com.google.android.gms/app_dg_cache/3C99312020F0F0D70782F583B896FDDF9030AAF4/oat/x86_64/the.vdex) is kOatUpToDate with filter 'verify' executable 'false'
05-13 22:34:11.323   735   735 W IPCThreadState: Sending oneway calls to frozen process.
05-13 22:34:11.323 23111 23111 D nativeloader: Load libopenjdk.so using APEX ns com_android_art for caller /apex/com.android.art/javalib/core-oj.jar: ok
05-13 22:34:11.328  2249  2255 I artd    : GetBestInfo: /data/user/0/com.google.android.gms/app_dg_cache/BB2AE5A47BB198AF36C19CFD2B6407061A1BAF30/the.apk has no usable artifacts
05-13 22:34:11.335  2249  2255 I artd    : GetBestInfo: /data/user_de/0/com.google.android.gms/app_chimera/m/00000011/dl-VisionOcr.optional_261332100000.apk has no usable artifacts
05-13 22:34:11.340   735  1853 V SafetySourceDataValidat: Package: com.android.vending has expected signature
05-13 22:34:11.340   735  1853 V SafetySourceDataValidat: Package: com.android.vending has expected signature
05-13 22:34:11.350 23111 23111 W app_process: Unexpected CPU variant for x86: x86_64.
05-13 22:34:11.350 23111 23111 W app_process: Known variants: atom, sandybridge, silvermont, goldmont, goldmont-plus, goldmont-without-sha-xsaves, tremont, kabylake, alderlake, default
05-13 22:34:11.350  2249  7687 I artd    : GetBestInfo: /data/user_de/0/com.google.android.gms/app_chimera/m/0000001a/dl-IdentityCredentialsPlatform.optional_261332100800.apk has no usable artifacts
05-13 22:34:11.368   735  1704 I system_server: AssetManager2(0x75840f2de6f8) locale list changing from [] to [en-US]
05-13 22:34:11.375  2249  7687 I artd    : GetBestInfo: /data/user_de/0/com.google.android.gms/app_chimera/m/00000017/dl-MlkitBarcodeUi.optional_261332100800.apk has no usable artifacts
05-13 22:34:11.401   735  1173 I Role    : com.google.android.gms not qualified for android.app.role.SYSTEM_DEPENDENCY_INSTALLER due to missing RequiredComponent{mIntentFilterData=IntentFilterData{mAction='android.content.pm.action.INSTALL_DEPENDENCY', mCategories='[]', mDataScheme='null', mDataType='null'}, mMinTargetSdkVersion=1, mFlags='0', mPermission='android.permission.BIND_DEPENDENCY_INSTALLER', mQueryFlags=0, mMetaData=[]}
05-13 22:34:11.401   735  1173 E RoleControllerServiceImpl: Default/fallback role holder package doesn't qualify for the role, package: com.google.android.gms, role: android.app.role.SYSTEM_DEPENDENCY_INSTALLER
05-13 22:34:11.419  2249  7687 I artd    : GetBestInfo: vdex next to the dex file (/data/user/0/com.google.android.gms/app_dg_cache/BF4FB787570FCDA4B6C94221003046B6FDF77C85/oat/x86_64/the.vdex) is kOatUpToDate with filter 'verify' executable 'false'
05-13 22:34:11.466  2249  7687 I artd    : GetBestInfo: vdex next to the dex file (/data/user/0/com.google.android.gms/app_dg_cache/BBB8ADBA11F43674FC873CF50B06D4CFE87E958C/oat/x86_64/the.vdex) is kOatUpToDate with filter 'verify' executable 'false'
05-13 22:34:11.473  2249  7687 I artd    : GetBestInfo: /data/user/0/com.google.android.gms/app_dg_cache/CE973E4DE823F0AA69070767A9FABB590DDD455C/the.apk has no usable artifacts
05-13 22:34:11.475  2249  7687 W artd    : Could not get dex checksums for location /data/app/~~b2UKDF1WdZ0Rl0rTpMtGig==/com.android.vending-mPZ8pR4geSD0KT-LCRqp3w==/base.apk, fd=-1
05-13 22:34:11.490 17416 23123 I AppBackupPkgRemovedIO: Backup state cleanup on uninstall is disabled. [CONTEXT service_id=229 ]
05-13 22:34:11.593 17416 23123 I PackageInstalledIntentO: Test flag v2 is disabled [CONTEXT service_id=469 ]
05-13 22:34:11.599   735   907 W ActivityManager: Slow operation: 51ms so far, now at attachApplicationLocked: immediately before bindApplication
05-13 22:34:11.606   735   907 W ActivityManager: Slow operation: 59ms so far, now at attachApplicationLocked: immediately after bindApplication
05-13 22:34:11.606   735   907 W ActivityManager: Slow operation: 59ms so far, now at attachApplicationLocked: after updateLruProcessLocked
05-13 22:34:11.666   735  1173 E RoleControllerServiceImpl: Default/fallback role holder package doesn't qualify for the role, package: com.google.android.gms, role: android.app.role.WALLET
05-13 22:34:11.669   735   907 W ActivityManager: Slow operation: 122ms so far, now at attachApplicationLocked: after updateOomAdjLocked
05-13 22:34:11.674 17416 23122 I gle.android.gms: AssetManager2(0x75840f265578) locale list changing from [] to [en-US]
05-13 22:34:11.678 23111 23111 D nativeloader: Load libframework-connectivity-tiramisu-jni.so using APEX ns com_android_tethering for caller /apex/com.android.tethering/javalib/framework-connectivity-t.jar: ok
05-13 22:34:11.679 23111 23111 D AndroidRuntime: Calling main entry com.android.commands.monkey.Monkey
05-13 22:34:11.680 23111 23111 D nativeloader: Load /system/lib64/libmonkey_jni.so using ns default for caller /system/framework/monkey.jar in same partition (is_bridged=0): ok
05-13 22:34:11.683 23111 23111 W Monkey  : args: [-p, com.mentoraappnew, -c, android.intent.category.LAUNCHER, 1]
05-13 22:34:11.697 23111 23111 I AconfigPackage: android.media.swcodec.flags is mapped to com.android.media.swcodec
05-13 22:34:11.698 23111 23111 I AconfigPackage: com.google.android.settings.simplemode.flags is mapped to system_ext
05-13 22:34:11.698 23111 23111 I AconfigPackage: com.google.android.systemui is mapped to system_ext
05-13 22:34:11.698 23111 23111 I AconfigPackage: com.google.android.apps.nexuslauncher is mapped to system_ext
05-13 22:34:11.698 23111 23111 I AconfigPackage: com.android.settings.accessibility is mapped to system_ext
05-13 22:34:11.698 23111 23111 I AconfigPackage: com.android.settings.flags is mapped to system_ext
05-13 22:34:11.698 23111 23111 I AconfigPackage: com.google.android.apps.miphone.aiai.matchmaker.overview.ui is mapped to system_ext
05-13 22:34:11.698 23111 23111 I AconfigPackage: com.google.android.settings.flags is mapped to system_ext
05-13 22:34:11.698 23111 23111 I AconfigPackage: com.android.launcher3 is mapped to system_ext
05-13 22:34:11.698 23111 23111 I AconfigPackage: com.android.wallpaper is mapped to system_ext
05-13 22:34:11.698 23111 23111 I AconfigPackage: com.android.settings.media_drm is mapped to system_ext
05-13 22:34:11.698 23111 23111 I AconfigPackage: com.android.systemui.accessibility.accessibilitymenu is mapped to system_ext
05-13 22:34:11.698 23111 23111 I AconfigPackage: com.android.settings.keyboard is mapped to system_ext
05-13 22:34:11.698 23111 23111 I AconfigPackage: com.android.server.policy.feature.flags is mapped to system_ext
05-13 22:34:11.698 23111 23111 I AconfigPackage: com.android.settings.factory_reset is mapped to system_ext
05-13 22:34:11.698 23111 23111 I AconfigPackage: com.google.android.haptics.flags is mapped to system_ext
05-13 22:34:11.699 23111 23111 I AconfigPackage: com.android.permission.flags is mapped to com.android.permission
05-13 22:34:11.700 23111 23111 I AconfigPackage: com.android.icu is mapped to com.android.i18n
05-13 22:34:11.701 23111 23111 I AconfigPackage: com.android.appsearch.flags is mapped to com.android.appsearch
05-13 22:34:11.702 23111 23111 I AconfigPackage: android.uprobestats.mainline.flags is mapped to com.android.uprobestats
05-13 22:34:11.703 23111 23111 I AconfigPackage: android.provider.flags is mapped to com.android.configinfrastructure
05-13 22:34:11.703 23111 23111 I AconfigPackage: com.android.server.deviceconfig is mapped to com.android.configinfrastructure
05-13 22:34:11.705 23111 23111 I AconfigPackage: com.android.nfc.flags is mapped to system
05-13 22:34:11.705 23111 23111 I AconfigPackage: android.app.admin.flags is mapped to system
05-13 22:34:11.705 23111 23111 I AconfigPackage: android.database.sqlite is mapped to system
05-13 22:34:11.705 23111 23111 I AconfigPackage: com.android.providers.calendar is mapped to system
