05-13 22:34:11.705 23111 23111 I AconfigPackage: com.android.server.power.feature.flags is mapped to system
05-13 22:34:11.705 23111 23111 I AconfigPackage: com.android.media.performance.flags is mapped to system
05-13 22:34:11.705 23111 23111 I AconfigPackage: android.app.contextualsearch.flags is mapped to system
05-13 22:34:11.705 23111 23111 I AconfigPackage: android.app.ondeviceintelligence.flags is mapped to system
05-13 22:34:11.705 23111 23111 I AconfigPackage: com.android.media.projection.flags is mapped to system
05-13 22:34:11.705 23111 23111 I AconfigPackage: android.companion is mapped to system
05-13 22:34:11.705 23111 23111 I AconfigPackage: android.service.controls.flags is mapped to system
05-13 22:34:11.705 23111 23111 I AconfigPackage: com.android.text.flags is mapped to system
05-13 22:34:11.706 23111 23111 I AconfigPackage: com.android.providers.contactkeys.flags is mapped to system
05-13 22:34:11.706 23111 23111 I AconfigPackage: com.android.intentresolver is mapped to system
05-13 22:34:11.706 23111 23111 I AconfigPackage: android.companion.virtualdevice.flags is mapped to system
05-13 22:34:11.706 23111 23111 I AconfigPackage: android.uprobestats.flags is mapped to system
05-13 22:34:11.706 23111 23111 I AconfigPackage: com.android.net.thread.platform.flags is mapped to system
05-13 22:34:11.706 23111 23111 I AconfigPackage: android.view.contentprotection.flags is mapped to system
05-13 22:34:11.706 23111 23111 I AconfigPackage: com.android.server.dreams is mapped to system
05-13 22:34:11.706 23111 23111 I AconfigPackage: com.android.graphics.surfaceflinger.flags is mapped to system
05-13 22:34:11.707 23111 23111 I AconfigPackage: com.android.hardware.input is mapped to system
05-13 22:34:11.707 23111 23111 I AconfigPackage: android.sdk is mapped to system
05-13 22:34:11.707 23111 23111 I AconfigPackage: com.android.input.flags is mapped to system
05-13 22:34:11.707 23111 23111 I AconfigPackage: android.tracing is mapped to system
05-13 22:34:11.707 23111 23111 I AconfigPackage: com.android.server.biometrics is mapped to system
05-13 22:34:11.707 23111 23111 I AconfigPackage: android.view.contentcapture.flags is mapped to system
05-13 22:34:11.707 23111 23111 I AconfigPackage: android.app.job is mapped to system
05-13 22:34:11.707 23111 23111 I AconfigPackage: android.content.res is mapped to system
05-13 22:34:11.707 23111 23111 I AconfigPackage: android.net.platform.flags is mapped to system
05-13 22:34:11.707 23111 23111 I AconfigPackage: com.android.aconfig.flags is mapped to system
05-13 22:34:11.707 23111 23111 I AconfigPackage: com.android.graphics.flags is mapped to system
05-13 22:34:11.707 23111 23111 I AconfigPackage: android.server.app is mapped to system
05-13 22:34:11.707 23111 23111 I AconfigPackage: android.speech.flags is mapped to system
05-13 22:34:11.707 23111 23111 I AconfigPackage: com.android.server.stats is mapped to system
05-13 22:34:11.707 23111 23111 I AconfigPackage: android.hardware.biometrics is mapped to system
05-13 22:34:11.707 23111 23111 I AconfigPackage: android.car.feature is mapped to system
05-13 22:34:11.707 23111 23111 I AconfigPackage: android.adpf is mapped to system
05-13 22:34:11.708 23111 23111 I AconfigPackage: android.location.flags is mapped to system
05-13 22:34:11.708 23111 23111 I AconfigPackage: com.android.settingslib.flags is mapped to system
05-13 22:34:11.708 23111 23111 I AconfigPackage: com.android.managedprovisioning.flags is mapped to system
05-13 22:34:11.708 23111 23111 I AconfigPackage: android.app.assist.flags is mapped to system
05-13 22:34:11.708 23111 23111 I AconfigPackage: com.android.server.net is mapped to system
05-13 22:34:11.708 23111 23111 I AconfigPackage: com.android.settingslib.widget.flags is mapped to system
05-13 22:34:11.708 23111 23111 I AconfigPackage: com.android.internal.camera.flags is mapped to system
05-13 22:34:11.708 23111 23111 I AconfigPackage: com.android.hardware.libsensor.flags is mapped to system
05-13 22:34:11.708 23111 23111 I AconfigPackage: com.android.internal.jank is mapped to system
05-13 22:34:11.708 23111 23111 I AconfigPackage: com.android.providers.settings is mapped to system
05-13 22:34:11.708 23111 23111 I AconfigPackage: android.multiuser is mapped to system
05-13 22:34:11.708 23111 23111 I AconfigPackage: com.android.server.power.optimization is mapped to system
05-13 22:34:11.708 23111 23111 I AconfigPackage: com.android.calllogbackup is mapped to system
05-13 22:34:11.708 23111 23111 I AconfigPackage: com.android.media.flags is mapped to system
05-13 22:34:11.708 23111 23111 I AconfigPackage: com.android.server.flags is mapped to system
05-13 22:34:11.708 23111 23111 I AconfigPackage: com.android.graphics.libvulkan.flags is mapped to system
05-13 22:34:11.709 23111 23111 I AconfigPackage: android.app.appfunctions.flags is mapped to system
05-13 22:34:11.709 23111 23111 I AconfigPackage: android.app.smartspace.flags is mapped to system
05-13 22:34:11.709 23111 23111 I AconfigPackage: com.android.providers.contacts.flags is mapped to system
05-13 22:34:11.709 23111 23111 I AconfigPackage: com.android.shell.flags is mapped to system
05-13 22:34:11.709 23111 23111 I AconfigPackage: com.android.media.aaudio is mapped to system
05-13 22:34:11.709 23111 23111 I AconfigPackage: android.hardware.radio is mapped to system
05-13 22:34:11.709 23111 23111 I AconfigPackage: com.google.wear.services.infra.flags is mapped to system
05-13 22:34:11.709 23111 23111 I AconfigPackage: suspend_service.flags is mapped to system
05-13 22:34:11.709 23111 23111 I AconfigPackage: android.media.midi is mapped to system
05-13 22:34:11.710 23111 23111 I AconfigPackage: com.android.libcore.readonly is mapped to system
05-13 22:34:11.710 23111 23111 I AconfigPackage: com.android.settingslib.widget.selectorwithwidgetpreference.flags is mapped to system
05-13 22:34:11.710 23111 23111 I AconfigPackage: android.service.notification is mapped to system
05-13 22:34:11.710 23111 23111 I AconfigPackage: com.android.systemui.shared is mapped to system
05-13 22:34:11.710 23111 23111 I AconfigPackage: android.app.jank is mapped to system
05-13 22:34:11.710 23111 23111 I AconfigPackage: android.app.wearable is mapped to system
05-13 22:34:11.710 23111 23111 I AconfigPackage: com.android.media.audio is mapped to system
05-13 22:34:11.710 23111 23111 I AconfigPackage: android.service.chooser is mapped to system
05-13 22:34:11.710 23111 23111 I AconfigPackage: com.android.server.compat is mapped to system
05-13 22:34:11.710 23111 23111 I AconfigPackage: com.android.server.alarm is mapped to system
05-13 22:34:11.710 23111 23111 I AconfigPackage: com.android.apex.flags is mapped to system
05-13 22:34:11.710 23111 23111 I AconfigPackage: android.service.quickaccesswallet is mapped to system
05-13 22:34:11.711 23111 23111 I AconfigPackage: android.app.usage is mapped to system
05-13 22:34:11.711 23111 23111 I AconfigPackage: com.android.server.accessibility is mapped to system
05-13 22:34:11.711 23111 23111 I AconfigPackage: android.app.supervision.flags is mapped to system
05-13 22:34:11.711 23111 23111 I AconfigPackage: com.android.server.utils is mapped to system
05-13 22:34:11.711 23111 23111 I AconfigPackage: android.chre.flags is mapped to system
05-13 22:34:11.711 23111 23111 I AconfigPackage: android.content.flags is mapped to system
05-13 22:34:11.711 23111 23111 I AconfigPackage: android.media.codec is mapped to system
05-13 22:34:11.711 23111 23111 I AconfigPackage: com.android.internal.os is mapped to system
05-13 22:34:11.711 23111 23111 I AconfigPackage: com.android.nfc.nci.flags is mapped to system
05-13 22:34:11.711 23111 23111 I AconfigPackage: android.app is mapped to system
05-13 22:34:11.711 23111 23111 I AconfigPackage: android.security.keystore2 is mapped to system
05-13 22:34:11.711 23111 23111 I AconfigPackage: android.crashrecovery.flags is mapped to system
05-13 22:34:11.711 23111 23111 I AconfigPackage: com.android.tradeinmode.flags is mapped to system
05-13 22:34:11.712 23111 23111 I AconfigPackage: android.hardware.flags is mapped to system
05-13 22:34:11.712 23111 23111 I AconfigPackage: com.android.server.telecom.flags is mapped to system
05-13 22:34:11.712 23111 23111 I AconfigPackage: com.android.settingslib.media.flags is mapped to system
05-13 22:34:11.712 23111 23111 I AconfigPackage: com.android.server.policy is mapped to system
05-13 22:34:11.712 23111 23111 I AconfigPackage: android.media.audiopolicy is mapped to system
05-13 22:34:11.712 23111 23111 I AconfigPackage: com.android.egg.flags is mapped to system
05-13 22:34:11.712 23111 23111 I AconfigPackage: com.android.internal.compat.flags is mapped to system
05-13 22:34:11.712 23111 23111 I AconfigPackage: android.security is mapped to system
05-13 22:34:11.712 23111 23111 I AconfigPackage: android.service.autofill is mapped to system
05-13 22:34:11.713 23111 23111 I AconfigPackage: com.example.android.aconfig.demo.flags is mapped to system
05-13 22:34:11.713 23111 23111 I AconfigPackage: android.view.flags is mapped to system
05-13 22:34:11.713 23111 23111 I AconfigPackage: android.companion.virtual.flags is mapped to system
05-13 22:34:11.713 23111 23111 I AconfigPackage: com.android.aconfig_new_storage is mapped to system
05-13 22:34:11.713 23111 23111 I AconfigPackage: com.android.server.feature.flags is mapped to system
05-13 22:34:11.713 23111 23111 I AconfigPackage: com.android.systemui is mapped to system
05-13 22:34:11.713 23111 23111 I AconfigPackage: com.android.server.power.batterysaver is mapped to system
05-13 22:34:11.713 23111 23111 I AconfigPackage: android.widget.flags is mapped to system
05-13 22:34:11.714 23111 23111 I AconfigPackage: com.android.media.editing.flags is mapped to system
05-13 22:34:11.714 23111 23111 I AconfigPackage: com.android.media.codec.flags is mapped to system
05-13 22:34:11.714 23111 23111 I AconfigPackage: com.android.server.powerstats is mapped to system
05-13 22:34:11.714 23111 23111 I AconfigPackage: com.android.graphics.egl.flags is mapped to system
05-13 22:34:11.714 23111 23111 I AconfigPackage: com.android.media.audioserver is mapped to system
05-13 22:34:11.714 23111 23111 I AconfigPackage: com.android.server.deviceidle is mapped to system
05-13 22:34:11.714 23111 23111 I AconfigPackage: android.nfc is mapped to system
05-13 22:34:11.715 23111 23111 I AconfigPackage: android.permission.flags is mapped to system
05-13 22:34:11.715 23111 23111 I AconfigPackage: android.service.voice.flags is mapped to system
05-13 22:34:11.715 23111 23111 I AconfigPackage: android.content.pm is mapped to system
05-13 22:34:11.715 23111 23111 I AconfigPackage: com.android.server.power.hint is mapped to system
05-13 22:34:11.715 23111 23111 I AconfigPackage: android.os is mapped to system
05-13 22:34:11.715 23111 23111 I AconfigPackage: android.service.dreams is mapped to system
05-13 22:34:11.715 23111 23111 I AconfigPackage: com.android.graphics.libgui.flags is mapped to system
05-13 22:34:11.715 23111 23111 I AconfigPackage: android.hardware.usb.flags is mapped to system
05-13 22:34:11.716 23111 23111 I AconfigPackage: android.provider is mapped to system
05-13 22:34:11.716 23111 23111 I AconfigPackage: com.android.server.job is mapped to system
05-13 22:34:11.716 23111 23111 I AconfigPackage: com.android.internal.foldables.flags is mapped to system
05-13 22:34:11.716 23111 23111 I AconfigPackage: com.android.internal.telephony.flags is mapped to system
05-13 22:34:11.717 23111 23111 I AconfigPackage: android.webkit is mapped to system
05-13 22:34:11.717 23111 23111 I AconfigPackage: android.credentials.flags is mapped to system
05-13 22:34:11.717 23111 23111 I AconfigPackage: com.android.server.display.feature.flags is mapped to system
05-13 22:34:11.717 23111 23111 I AconfigPackage: com.android.server.notification is mapped to system
05-13 22:34:11.717 23111 23111 I AconfigPackage: android.appwidget.flags is mapped to system
05-13 22:34:11.717 23111 23111 I AconfigPackage: com.android.frameworks.sensorservice.flags is mapped to system
05-13 22:34:11.717 23111 23111 I AconfigPackage: com.android.printspooler.flags is mapped to system
05-13 22:34:11.717 23111 23111 I AconfigPackage: com.android.window.flags is mapped to system
05-13 22:34:11.717 23111 23111 I AconfigPackage: android.adaptiveauth is mapped to system
05-13 22:34:11.717 23111 23111 I AconfigPackage: android.net.wifi.flags is mapped to system
05-13 22:34:11.717 23111 23111 I AconfigPackage: android.media.tv.flags is mapped to system
05-13 22:34:11.717 23111 23111 I AconfigPackage: com.android.server.usb.flags is mapped to system
05-13 22:34:11.717 23111 23111 I AconfigPackage: android.os.vibrator is mapped to system
05-13 22:34:11.717 23111 23111 I AconfigPackage: android.hardware.devicestate.feature.flags is mapped to system
05-13 22:34:11.717 23111 23111 I AconfigPackage: com.android.server.usage is mapped to system
05-13 22:34:11.717 23111 23111 I AconfigPackage: android.server is mapped to system
05-13 22:34:11.718 23111 23111 I AconfigPackage: com.android.wm.shell is mapped to system
05-13 22:34:11.718 23111 23111 I AconfigPackage: android.view.inputmethod is mapped to system
05-13 22:34:11.718 23111 23111 I AconfigPackage: com.android.graphics.hwui.flags is mapped to system
05-13 22:34:11.718 23111 23111 I AconfigPackage: com.android.server.backup is mapped to system
05-13 22:34:11.718 23111 23111 I AconfigPackage: com.android.internal.pm.pkg.component.flags is mapped to system
05-13 22:34:11.719 23111 23111 I AconfigPackage: android.view.accessibility is mapped to system
05-13 22:34:11.719 23111 23111 I AconfigPackage: com.google.wear.sdk is mapped to system
05-13 22:34:11.719 23111 23111 I AconfigPackage: android.media.audio is mapped to system
05-13 22:34:11.719 23111 23111 I AconfigPackage: com.android.server.am is mapped to system
05-13 22:34:11.719 23111 23111 I AconfigPackage: com.android.media.playback.flags is mapped to system
05-13 22:34:11.720 23111 23111 I AconfigPackage: com.android.art.flags is mapped to com.android.art
05-13 22:34:11.720 23111 23111 I AconfigPackage: com.android.libcore is mapped to com.android.art
05-13 22:34:11.721 23111 23111 I AconfigPackage: com.android.media.extractor.flags is mapped to com.android.media
05-13 22:34:11.721 23111 23111 I AconfigPackage: com.android.media.mainline.flags is mapped to com.android.media
05-13 22:34:11.721 23111 23111 I AconfigPackage: com.android.wifi.flags is mapped to com.android.wifi
05-13 22:34:11.722 23111 23111 I AconfigPackage: com.android.org.conscrypt.flags is mapped to com.android.conscrypt
05-13 22:34:11.722 23111 23111 I AconfigPackage: com.android.healthfitness.flags is mapped to com.android.healthfitness
05-13 22:34:11.723 23111 23111 I AconfigPackage: com.google.android.input.twoshay.flags is mapped to vendor
05-13 22:34:11.723 23111 23111 I AconfigPackage: libgooglecamerahal.flags is mapped to vendor
05-13 22:34:11.723 23111 23111 I AconfigPackage: com.android.ipsec.flags is mapped to com.android.ipsec
05-13 22:34:11.724 23111 23111 I AconfigPackage: com.android.nfc.module.flags is mapped to com.android.nfcservices
05-13 22:34:11.724 23111 23111 I AconfigPackage: com.android.adservices.ondevicepersonalization.flags is mapped to com.android.ondevicepersonalization
05-13 22:34:11.725 23111 23111 I AconfigPackage: com.android.bluetooth.flags is mapped to com.android.bt
05-13 22:34:11.726 23111 23111 I AconfigPackage: com.android.devicelock.flags is mapped to com.android.devicelock
05-13 22:34:11.726 23111 23111 I AconfigPackage: android.os.profiling is mapped to com.android.profiling
05-13 22:34:11.727 23111 23111 I AconfigPackage: com.android.os.statsd.flags is mapped to com.android.os.statsd
05-13 22:34:11.728 23111 23111 I AconfigPackage: com.android.cellbroadcastreceiver.flags is mapped to com.android.cellbroadcast
05-13 22:34:11.728 23111 23111 I AconfigPackage: com.android.adservices.flags is mapped to com.android.adservices
05-13 22:34:11.728 23111 23111 I AconfigPackage: com.android.sdksandbox.flags is mapped to com.android.adservices
05-13 22:34:11.729 23111 23111 I AconfigPackage: com.android.uwb.flags is mapped to com.android.uwb
05-13 22:34:11.729 23111 23111 I AconfigPackage: com.android.ranging.flags is mapped to com.android.uwb
05-13 22:34:11.730 23111 23111 I AconfigPackage: android.graphics.pdf.flags is mapped to com.android.mediaprovider
05-13 22:34:11.730 23111 23111 I AconfigPackage: com.android.providers.media.flags is mapped to com.android.mediaprovider
05-13 22:34:11.730 23111 23111 I AconfigPackage: android.graphics.pdf.flags.readonly is mapped to com.android.mediaprovider
05-13 22:34:11.731 23111 23111 I AconfigPackage: com.android.net.ct.flags is mapped to com.android.tethering
05-13 22:34:11.731 23111 23111 I AconfigPackage: com.android.net.flags is mapped to com.android.tethering
05-13 22:34:11.731 23111 23111 I AconfigPackage: android.net.vcn is mapped to com.android.tethering
05-13 22:34:11.731 23111 23111 I AconfigPackage: com.android.nearby.flags is mapped to com.android.tethering
05-13 22:34:11.731 23111 23111 I AconfigPackage: android.net.http is mapped to com.android.tethering
05-13 22:34:11.731 23111 23111 I AconfigPackage: com.android.net.thread.flags is mapped to com.android.tethering
05-13 22:34:11.732 23111 23111 I AconfigPackage: com.android.system.virtualmachine.flags is mapped to com.android.virt
05-13 22:34:11.733 23111 23111 E FeatureFlagsImplExport: android.os.flagging.AconfigStorageReadException: ERROR_PACKAGE_NOT_FOUND: package android.xr cannot be found on the device
05-13 22:34:11.776 23111 23111 W Monkey  :  arg: "-p"
05-13 22:34:11.776 23111 23111 W Monkey  :  arg: "com.mentoraappnew"
05-13 22:34:11.776 23111 23111 W Monkey  :  arg: "-c"
05-13 22:34:11.776 23111 23111 W Monkey  :  arg: "android.intent.category.LAUNCHER"
05-13 22:34:11.776 23111 23111 W Monkey  :  arg: "1"
05-13 22:34:11.776 23111 23111 W Monkey  : data="com.mentoraappnew"
05-13 22:34:11.776 23111 23111 W Monkey  : data="android.intent.category.LAUNCHER"
05-13 22:34:11.791   735   887 D EventHub: No input device configuration file found for device 'Monkey touch'.
05-13 22:34:11.791   735   887 I EventHub: usingClockIoctl=true
05-13 22:34:11.792   735   887 I EventHub: New device: id=16, fd=667, path='/dev/input/event14', name='Monkey touch', classes=TOUCH | TOUCH_MT, configuration='', keyLayout='', keyCharacterMap='', builtinKeyboard=false, 
05-13 22:34:11.795   735   887 I InputReader: Device reconfigured: id=16, name='Monkey touch', size 1080x2160, orientation Rotation0, mode DIRECT, display id 0
05-13 22:34:11.795   735   887 I InputReader: Device added: id=16, eventHubId=16, name='Monkey touch', descriptor='e1fe28b90f915c7d1febbd52c1ef84b3c4cbed9f',sources=TOUCHSCREEN
05-13 22:34:11.838   735   887 E WindowManager: Display reconfigured outside of a transition: Display{#0 state=ON size=1080x2160 ROTATION_0}
05-13 22:34:11.844   735   774 W IPCThreadState: Sending oneway calls to frozen process.
05-13 22:34:11.942 10426 10426 I PkDeviceHelper: PkDeviceHelper.refreshDevices():87 refreshing devices
05-13 22:34:11.942 10426 10426 I PkDeviceHelper: PkDeviceHelper.addDevice():125 device qwerty2 added
05-13 22:34:11.943 10426 10426 I PkDeviceHelper: PkDeviceHelper.addDevice():125 device AT Translated Set 2 keyboard added
05-13 22:34:11.944 10426 10426 W NotificationCenter: NotificationCenter$NotificationQueue.notifyPendingNotificationsOnExecutor():877 Heavy notify work detected on UI thread: [nep->pce, nep->kvv] takes 21ms
05-13 22:34:11.953   735  1768 W ActivityManager: registerReceiverWithFeature: no app for null
05-13 22:34:11.988 23115 23115 D nativeloader: Configuring clns-9 for other apk /data/app/~~jPENOtP63v-x5ngpnYYtYw==/com.mentoraappnew-9AAVoMHU-SksbomFtYyxUQ==/base.apk. target_sdk_version=36, uses_libraries=, library_path=/data/app/~~jPENOtP63v-x5ngpnYYtYw==/com.mentoraappnew-9AAVoMHU-SksbomFtYyxUQ==/lib/x86_64:/data/app/~~jPENOtP63v-x5ngpnYYtYw==/com.mentoraappnew-9AAVoMHU-SksbomFtYyxUQ==/base.apk!/lib/x86_64, permitted_path=/data:/mnt/expand:/data/user/0/com.mentoraappnew
05-13 22:34:12.001 18188 18188 I Finsky:background: [2] Memory trim requested to level 40
05-13 22:34:12.013   735   844 W ActivityTaskManager: callingPackage for (uid=2000, pid=23111) has no WPC
05-13 22:34:12.036 18135 18135 I Finsky  : [2] Memory trim requested to level 40
05-13 22:34:12.037 18135 18135 I Finsky  : [2] Flushing in-memory image cache
05-13 22:34:12.037   735   844 V GrammaticalInflectionUtils: AttributionSource: android.content.AttributionSource@8fef225c does not have READ_SYSTEM_GRAMMATICAL_GENDER permission.
05-13 22:34:12.043   735   844 W OptProp : Cannot read opt property android.window.PROPERTY_COMPAT_ALLOW_USER_ASPECT_RATIO_OVERRIDE
05-13 22:34:12.043   735   844 W OptProp : Cannot read opt property android.window.PROPERTY_COMPAT_ALLOW_USER_ASPECT_RATIO_FULLSCREEN_OVERRIDE
05-13 22:34:12.044 23115 23115 I m.mentoraappnew: AssetManager2(0x75840f2438d8) locale list changing from [] to [en-US]
05-13 22:34:12.047   735   844 W OptProp : Cannot read opt property android.window.PROPERTY_COMPAT_ALLOW_RESIZEABLE_ACTIVITY_OVERRIDES
05-13 22:34:12.048   735   844 W OptProp : Cannot read opt property android.window.PROPERTY_COMPAT_ALLOW_MIN_ASPECT_RATIO_OVERRIDE
05-13 22:34:12.077   735   844 W OptProp : Cannot read opt property android.window.PROPERTY_COMPAT_ALLOW_ORIENTATION_OVERRIDE
05-13 22:34:12.090   536   546 I BpBinder: onLastStrongRef automatically unlinking death recipients: 
05-13 22:34:12.119 17947 23104 I ProximityAuth: [RecentAppsMediator] Package added: (user=UserHandle{0}) com.mentoraappnew
05-13 22:34:12.136 17947 23138 I Fitness : (REDACTED) FitCleanupIntentOperation received Intent %s
05-13 22:34:12.143 17947 23104 I .gms.persistent: AssetManager2(0x75840f262ff8) locale list changing from [] to [en-US]
05-13 22:34:12.154 23115 23115 V GraphicsEnvironment: Currently set values for:
05-13 22:34:12.154 23115 23115 V GraphicsEnvironment:   angle_gl_driver_selection_pkgs=[]
05-13 22:34:12.154 23115 23115 V GraphicsEnvironment:   angle_gl_driver_selection_values=[]
05-13 22:34:12.154 23115 23115 V GraphicsEnvironment: com.mentoraappnew is not listed in per-application setting
05-13 22:34:12.154 23115 23115 V GraphicsEnvironment: ANGLE allowlist from config: com.dreamgames.royalmatch com.dts.freefiremax com.dxx.firenow com.gramgames.mergedragons com.ludo.king com.mojang.minecraftpe com.my.defense com.nintendo.zaka com.os.airforce com.playrix.fishdomdd.gplay io.teslatech.callbreak jp.konami.prospia net.peakgames.toonblast
05-13 22:34:12.154 23115 23115 V GraphicsEnvironment: com.mentoraappnew is not listed in ANGLE allowlist or settings, returning default
05-13 22:34:12.155 23115 23115 V GraphicsEnvironment: Neither updatable production driver nor prerelease driver is supported.
05-13 22:34:12.157   735  1173 I system_server: AssetManager2(0x75840f2e0f98) locale list changing from [] to [en-US]
05-13 22:34:12.181   735  1173 W SignedPackage: Cannot get ApplicationInfo for package: com.google.android.devicelockcontroller
05-13 22:34:12.203 17416 23122 I gle.android.gms: AssetManager2(0x75840f258738) locale list changing from [] to [en-US]
05-13 22:34:12.209 23115 23115 W FirebaseApp: Default FirebaseApp failed to initialize because no default options were found. This usually means that com.google.gms:google-services was not applied to your gradle project.
05-13 22:34:12.209 23115 23115 I FirebaseInitProvider: FirebaseApp initialization unsuccessful
05-13 22:34:12.213  3139  3161 V WindowManagerShell: Transition requested (#86): android.os.BinderProxy@a68f79 TransitionRequestInfo { type = OPEN, triggerTask = TaskInfo{userId=0 taskId=21 effectiveUid=10217 displayId=0 isRunning=true baseIntent=Intent { act=android.intent.action.MAIN cat=[android.intent.category.LAUNCHER] flg=0x10200000 cmp=com.mentoraappnew/.MainActivity } baseActivity=ComponentInfo{com.mentoraappnew/com.mentoraappnew.MainActivity} topActivity=ComponentInfo{com.mentoraappnew/com.mentoraappnew.MainActivity} origActivity=null realActivity=ComponentInfo{com.mentoraappnew/com.mentoraappnew.MainActivity} numActivities=1 lastActiveTime=90861781 supportsMultiWindow=true resizeMode=1 isResizeable=true minWidth=-1 minHeight=-1 defaultMinSize=220 token=WCT{android.window.IWindowContainerToken$Stub$Proxy@73824be} topActivityType=1 pictureInPictureParams=null shouldDockBigOverlays=false launchIntoPipHostTaskId=-1 lastParentTaskIdBeforePip=-1 displayCutoutSafeInsets=Rect(0, 0 - 0, 0) topActivityInfo=ActivityInfo{70db91f com.mentoraappnew.MainActivity} launchCookies=[] positionInParent=Point(0, 0) parentTaskId=-1 isFocused=false isVisible=false isVisibleRequested=false isTopActivityNoDisplay=false isSleeping=false locusId=null displayAreaFeatureId=1 isTopActivityTransparent=false isActivityStackTransparent=false lastNonFullscreenBounds=Rect(253, 540 - 828, 1620) capturedLink=null capturedLinkTimestamp=0 requestedVisibleTypes=-9 topActivityRequestOpenInBrowserEducationTimestamp=0 appCompatTaskInfo=AppCompatTaskInfo { topActivityInSizeCompat=false eligibleForLetterboxEducation= false isLetterboxEducationEnabled= true isLetterboxDoubleTapEnabled= false eligibleForUserAspectRatioButton= false topActivityBoundsLetterboxed= false isFromLetterboxDoubleTap= false topActivityLetterboxVerticalPosition= -1 topActivityLetterboxHorizontalPosition= -1 topActivityLetterboxWidth=-1 topActivityLetterboxHeight=-1 topActivityAppBounds=Rect(0, 0 - 1080, 2160) isUserFullscreenOverrideEnabled=false isSystemFullscreenOverrideEnabled=false hasMinAspectRatioOverride=false topActivityLetterboxBounds=null cameraCompatTaskInfo=CameraCompatTaskInfo { freeformCameraCompatMode=inactive}} topActivityMainWindowFrame=null}, pipChange = null, remoteTransition = null, displayChange = null, flags = 0, debugId = 86 }
05-13 22:34:12.213   735   844 I ActivityTaskManager: START u0 {act=android.intent.action.MAIN cat=[android.intent.category.LAUNCHER] flg=0x10200000 cmp=com.mentoraappnew/.MainActivity} with LAUNCH_SINGLE_TASK from uid 2000 (BAL_ALLOW_PERMISSION) result code=0
05-13 22:34:12.223 23111 23111 I Monkey  : Events injected: 1
05-13 22:34:12.232  3139  3161 D ShellSplitScreen: logExit: no-op, mLoggerSessionId is null
05-13 22:34:12.250  7578  7578 W SplitSelectStateCtor: Missing session instanceIds
05-13 22:34:12.250  7578  7578 D StatsLog: LAUNCHER_SPLIT_SELECTION_EXIT_INTERRUPTED
05-13 22:34:12.354   735   992 D BackgroundInstallControlService: Package event received: 0
05-13 22:34:12.355   735  1768 W OptProp : Cannot read opt property android.window.PROPERTY_COMPAT_ENABLE_FAKE_FOCUS
05-13 22:34:12.374   536   536 I BpBinder: onLastStrongRef automatically unlinking death recipients: 
05-13 22:34:12.384  3139  3185 I ndroid.systemui: AssetManager2(0x75840f2a3738) locale list changing from [] to [en-US]
05-13 22:34:12.389   735   992 D BackgroundInstallControlService: Package event received: 0
05-13 22:34:12.389   735   992 D BackgroundInstallControlService: Package event received: 0
05-13 22:34:12.389   735  1257 D CompatChangeReporter: Compat change id reported: 377864165; UID 10217; state: ENABLED
05-13 22:34:12.408  3139  3161 D WindowManagerShell: setLauncherKeepClearAreaHeight: visible=false, height=480
05-13 22:34:12.422 17416 23152 I Auth    : (REDACTED) [SupervisedAccountIntentOperation] onHandleIntent: %s
05-13 22:34:12.423  3139  3139 W DSRotLockSettingsMngr: Setting is ignored, but no fallback was specified.
05-13 22:34:12.435 17416 23137 I PackageInstalledIntentO: Test flag v2 is disabled [CONTEXT service_id=469 ]
05-13 22:34:12.510 17416 17456 I gle.android.gms: AssetManager2(0x75840f25a678) locale list changing from [] to [en-US]
05-13 22:34:12.514  3139  3186 W HWUI    : Image decoding logging dropped!
05-13 22:34:12.639 17416 23152 W SQLiteLog: (28) double-quoted string literal: "com.mentoraappnew"
05-13 22:34:12.680 17416 23137 I NearbyDiscovery: (REDACTED) processGrantSlicePermission: %s
05-13 22:34:12.762  3139  3139 W DSRotLockSettingsMngr: Setting is ignored, but no fallback was specified.
05-13 22:34:12.794 23115 23115 W SoLoader: Initializing SoLoader: 0
05-13 22:34:12.795 23115 23115 W SoLoader: Recording new base apk path: /data/app/~~jPENOtP63v-x5ngpnYYtYw==/com.mentoraappnew-9AAVoMHU-SksbomFtYyxUQ==/base.apk
05-13 22:34:12.795 23115 23115 W SoLoader: Previously recorded 0 base apk paths.
05-13 22:34:12.800 23115 23115 I SoLoader: Preparing SO source: DirectorySoSource[root = /vendor/lib64 flags = 2]
05-13 22:34:12.800 23115 23115 I SoLoader: Preparing SO source: DirectorySoSource[root = /system/lib64 flags = 2]
05-13 22:34:12.801 23115 23115 I SoLoader: Preparing SO source: DirectApkSoSource[root = [/data/app/~~jPENOtP63v-x5ngpnYYtYw==/com.mentoraappnew-9AAVoMHU-SksbomFtYyxUQ==/base.apk!/lib/x86_64]]
05-13 22:34:12.806 23115 23115 I SoLoader: Preparing SO source: ApplicationSoSource[DirectorySoSource[root = /data/app/~~jPENOtP63v-x5ngpnYYtYw==/com.mentoraappnew-9AAVoMHU-SksbomFtYyxUQ==/lib/x86_64 flags = 0]]
05-13 22:34:12.806 23115 23115 I SoLoader: init finish: 4 SO sources prepared
05-13 22:34:12.806 23115 23115 W SoLoader: SoLoader initialized: 8
05-13 22:34:12.846   735   772 W Looper  : Slow dispatch took 234ms android.ui app=system_server main=false group=TOP_APP h=com.android.server.am.ActivityManagerService$UiHandler c=com.android.server.am.UidObserverController$$ExternalSyntheticLambda0@f4012cf m=0
05-13 22:34:12.893 23115 23115 D nativeloader: Load /data/app/~~jPENOtP63v-x5ngpnYYtYw==/com.mentoraappnew-9AAVoMHU-SksbomFtYyxUQ==/base.apk!/lib/x86_64/libc++_shared.so using class loader ns clns-9 (caller=/data/app/~~jPENOtP63v-x5ngpnYYtYw==/com.mentoraappnew-9AAVoMHU-SksbomFtYyxUQ==/base.apk!classes2.dex): ok
05-13 22:34:12.902 23111 23111 I Monkey  : ## Network stats: elapsed time=634ms (0ms mobile, 0ms wifi, 634ms not connected)
05-13 22:34:12.906 23111 23111 I app_process: System.exit called, status: 0
05-13 22:34:12.908 23111 23111 I AndroidRuntime: VM exiting with result code 0.
05-13 22:34:12.931 17416 17416 D BoundBrokerSvc: onBind: Intent { act=com.google.android.gms.common.BIND_SHARED_PREFS xflg=0x4 pkg=com.google.android.gms }
05-13 22:34:12.931 17416 17416 D BoundBrokerSvc: Loading bound service for intent: Intent { act=com.google.android.gms.common.BIND_SHARED_PREFS xflg=0x4 pkg=com.google.android.gms }
05-13 22:34:12.984   633   633 W IPCThreadState: Sending oneway calls to frozen process.
05-13 22:34:12.995   735   887 I EventHub: Removing device Monkey touch due to epoll hang-up event.
05-13 22:34:12.995   735   887 I EventHub: Removed device: path=/dev/input/event14 name=Monkey touch id=16 fd=667 classes=TOUCH | TOUCH_MT
05-13 22:34:13.009   735   887 I InputReader: Device removed: id=16, eventHubId=16, name='Monkey touch', descriptor='e1fe28b90f915c7d1febbd52c1ef84b3c4cbed9f', sources=TOUCHSCREEN
05-13 22:34:13.055   735   887 I EventHub: Removing device '/dev/input/event14' due to inotify event
05-13 22:34:13.061   735   774 W IPCThreadState: Sending oneway calls to frozen process.
05-13 22:34:13.063  7578  7578 D TouchInteractionService: disposeEventHandlers: Reason: Initializing input monitor due to: onTrackpadConnected() instance=14053036
05-13 22:34:13.064  7578  7578 D InputMonitorCompat: Input event receiver for monitor (swipe-up-disp0) disposed
05-13 22:34:13.066  7578  7578 D InputMonitorCompat: Input monitor (swipe-up-disp0) disposed
05-13 22:34:13.076  3139  3139 D NavigationModeController: getCurrentUserContext: contextUser=0 currentUser=0
05-13 22:34:13.077  3139  3739 V WindowManagerShell: onTransitionReady(transaction=3156800975790)
05-13 22:34:13.078   735   771 V WindowManager: Sent Transition (#86) createdAt=05-13 22:34:12.050 via request=TransitionRequestInfo { type = OPEN, triggerTask = TaskInfo{userId=0 taskId=21 effectiveUid=10217 displayId=0 isRunning=true baseIntent=Intent { act=android.intent.action.MAIN cat=[android.intent.category.LAUNCHER] flg=0x10200000 cmp=com.mentoraappnew/.MainActivity } baseActivity=ComponentInfo{com.mentoraappnew/com.mentoraappnew.MainActivity} topActivity=ComponentInfo{com.mentoraappnew/com.mentoraappnew.MainActivity} origActivity=null realActivity=ComponentInfo{com.mentoraappnew/com.mentoraappnew.MainActivity} numActivities=1 lastActiveTime=90861781 supportsMultiWindow=true resizeMode=1 isResizeable=true minWidth=-1 minHeight=-1 defaultMinSize=220 token=WCT{RemoteToken{573e9bc Task{a1bd830 #21 type=standard A=10217:com.mentoraappnew}}} topActivityType=1 pictureInPictureParams=null shouldDockBigOverlays=false launchIntoPipHostTaskId=-1 lastParentTaskIdBeforePip=-1 displayCutoutSafeInsets=Rect(0, 0 - 0, 0) topActivityInfo=ActivityInfo{6f9fd45 com.mentoraappnew.MainActivity} launchCookies=[] positionInParent=Point(0, 0) parentTaskId=-1 isFocused=false isVisible=false isVisibleRequested=false isTopActivityNoDisplay=false isSleeping=false locusId=null displayAreaFeatureId=1 isTopActivityTransparent=false isActivityStackTransparent=false lastNonFullscreenBounds=Rect(253, 540 - 828, 1620) capturedLink=null capturedLinkTimestamp=0 requestedVisibleTypes=-9 topActivityRequestOpenInBrowserEducationTimestamp=0 appCompatTaskInfo=AppCompatTaskInfo { topActivityInSizeCompat=false eligibleForLetterboxEducation= false isLetterboxEducationEnabled= true isLetterboxDoubleTapEnabled= false eligibleForUserAspectRatioButton= false topActivityBoundsLetterboxed= false isFromLetterboxDoubleTap= false topActivityLetterboxVerticalPosition= -1 topActivityLetterboxHorizontalPosition= -1 topActivityLetterboxWidth=-1 topActivityLetterboxHeight=-1 topActivityAppBounds=Rect(0, 0 - 1080, 2160) isUserFullscreenOverrideEnabled=false isSystemFullscreenOverrideEnabled=false hasMinAspectRatioOverride=false topActivityLetterboxBounds=null cameraCompatTaskInfo=CameraCompatTaskInfo { freeformCameraCompatMode=inactive}} topActivityMainWindowFrame=null}, pipChange = null, remoteTransition = null, displayChange = null, flags = 0, debugId = 86 }
05-13 22:34:13.079   735   771 V WindowManager:     startWCT=WindowContainerTransaction { changes= {} hops= [] errorCallbackToken=null taskFragmentOrganizer=null }
05-13 22:34:13.079   735   771 V WindowManager:     info={id=86 t=OPEN f=0x0 trk=0 r=[0@Point(0, 0)] c=[
05-13 22:34:13.079   735   771 V WindowManager:         {WCT{RemoteToken{573e9bc Task{a1bd830 #21 type=standard A=10217:com.mentoraappnew}}} m=OPEN f=NONE leash=Surface(name=Task=21)/@0xe497904 sb=Rect(0, 0 - 1080, 2160) eb=Rect(0, 0 - 1080, 2160) epz=Point(1080, 2160) d=0 taskParent=-1},
05-13 22:34:13.079   735   771 V WindowManager:         {WCT{RemoteToken{b0776ad Task{c4fe0f6 #1 type=home}}} m=TO_BACK f=SHOW_WALLPAPER leash=Surface(name=Task=1)/@0x8f4f71c sb=Rect(0, 0 - 1080, 2160) eb=Rect(0, 0 - 1080, 2160) epz=Point(1080, 2160) d=0 taskParent=-1},
05-13 22:34:13.079   735   771 V WindowManager:         {m=TO_BACK f=IS_WALLPAPER leash=Surface(name=WallpaperWindowToken{a2c73df showWhenLocked=false})/@0x4a44073 sb=Rect(0, 0 - 1080, 2160) eb=Rect(0, 0 - 1080, 2160) epz=Point(1080, 2160) d=0}
05-13 22:34:13.079   735   771 V WindowManager:     ]}
05-13 22:34:13.079  3139  3161 V WindowManagerShell: onTransitionReady (#86) android.os.BinderProxy@a68f79: {id=86 t=OPEN f=0x0 trk=0 r=[0@Point(0, 0)] c=[
05-13 22:34:13.079  3139  3161 V WindowManagerShell:         {m=OPEN f=NONE leash=Surface(name=Task=21)/@0x340fbcf sb=Rect(0, 0 - 1080, 2160) eb=Rect(0, 0 - 1080, 2160) epz=Point(1080, 2160) d=0 taskParent=-1},
05-13 22:34:13.079  3139  3161 V WindowManagerShell:         {m=TO_BACK f=SHOW_WALLPAPER leash=Surface(name=Task=1)/@0x7e795c sb=Rect(0, 0 - 1080, 2160) eb=Rect(0, 0 - 1080, 2160) epz=Point(1080, 2160) d=0 taskParent=-1},
05-13 22:34:13.079  3139  3161 V WindowManagerShell:         {m=TO_BACK f=IS_WALLPAPER leash=Surface(name=WallpaperWindowToken{a2c73df showWhenLocked=false})/@0x7fbe465 sb=Rect(0, 0 - 1080, 2160) eb=Rect(0, 0 - 1080, 2160) epz=Point(1080, 2160) d=0}
05-13 22:34:13.079  3139  3161 V WindowManagerShell:     ]}
05-13 22:34:13.085  3139  3161 V WindowManagerShell: Playing animation for (#86) android.os.BinderProxy@a68f79@0
05-13 22:34:13.087 10426 10426 I PkDeviceHelper: PkDeviceHelper.refreshDevices():87 refreshing devices
05-13 22:34:13.087 10426 10426 I PkDeviceHelper: PkDeviceHelper.addDevice():125 device qwerty2 added
05-13 22:34:13.087 10426 10426 I PkDeviceHelper: PkDeviceHelper.addDevice():125 device AT Translated Set 2 keyboard added
05-13 22:34:13.088  3139  3161 V ShellRecents: RecentsTransitionHandler.startAnimation: no controller found
05-13 22:34:13.088  3139  3161 V WindowManagerShell: Transition doesn't have explicit remote, search filters for match for {id=86 t=OPEN f=0x0 trk=0 r=[0@Point(0, 0)] c=[{m=OPEN f=NONE leash=Surface(name=Task=21)/@0x340fbcf sb=Rect(0, 0 - 1080, 2160) eb=Rect(0, 0 - 1080, 2160) epz=Point(1080, 2160) d=0 taskParent=-1},{m=TO_BACK f=SHOW_WALLPAPER leash=Surface(name=Task=1)/@0x7e795c sb=Rect(0, 0 - 1080, 2160) eb=Rect(0, 0 - 1080, 2160) epz=Point(1080, 2160) d=0 taskParent=-1},{m=TO_BACK f=IS_WALLPAPER leash=Surface(name=WallpaperWindowToken{a2c73df showWhenLocked=false})/@0x7fbe465 sb=Rect(0, 0 - 1080, 2160) eb=Rect(0, 0 - 1080, 2160) epz=Point(1080, 2160) d=0}]}
05-13 22:34:13.088  3139  3161 V WindowManagerShell:  Checking filter Pair{{types=[] flags=0x0] notFlags=0x0 checks=[{atype=undefined independent=true modes=[CLOSE,TO_BACK] flags=IN_TASK_WITH_EMBEDDED_ACTIVITY mustBeTask=false order=ANY topActivity=null launchCookie=null taskFragmentToken=android.os.BinderProxy@1695216 windowingMode=undefined}]} RemoteTransition { remoteTransition = android.window.IRemoteTransition$Stub$Proxy@3ded797, appThread = android.app.IApplicationThread$Stub$Proxy@15bfd84, debugName = overlayBackTransition }}
05-13 22:34:13.088  3139  3161 V WindowManagerShell:  Checking filter Pair{{types=[] flags=0x0] notFlags=0x0 checks=[{atype=dream independent=true modes=[OPEN,TO_FRONT] flags=NONE mustBeTask=false order=ANY topActivity=null launchCookie=null windowingMode=undefined},{atype=home independent=true modes=[CLOSE,TO_BACK] flags=NONE mustBeTask=false order=ANY topActivity=null launchCookie=null windowingMode=undefined}]} RemoteTransition { remoteTransition = android.window.IRemoteTransition$Stub$Proxy@381596d, appThread = android.app.IApplicationThread$Stub$Proxy@ea079a2, debugName = LauncherToDream }}
05-13 22:34:13.089  3139  3161 V WindowManagerShell:  Checking filter Pair{{types=[] flags=0x0] notFlags=0x100 checks=[{atype=home independent=true modes=[OPEN,TO_FRONT] flags=NONE mustBeTask=false order=TOP topActivity=ComponentInfo{com.google.android.apps.nexuslauncher/com.google.android.apps.nexuslauncher.NexusLauncherActivity} launchCookie=null windowingMode=undefined},{atype=standard independent=true modes=[CLOSE,TO_BACK] flags=NONE mustBeTask=false order=ANY topActivity=null launchCookie=null windowingMode=undefined},{NOT atype=undefined independent=true modes=[] flags=NONE mustBeTask=true order=ANY topActivity=null launchCookie=null customAnim=true windowingMode=undefined}]} RemoteTransition { remoteTransition = android.window.IRemoteTransition$Stub$Proxy@4af5633, appThread = android.app.IApplicationThread$Stub$Proxy@95d6df0, debugName = QuickstepLaunchHome }}
05-13 22:34:13.089  3139  3161 V WindowManagerShell:  Delegate animation for (#86) to null
05-13 22:34:13.089  3139  3161 V WindowManagerShell: start default transition animation, info = {id=86 t=OPEN f=0x0 trk=0 r=[0@Point(0, 0)] c=[{m=OPEN f=NONE leash=Surface(name=Task=21)/@0x340fbcf sb=Rect(0, 0 - 1080, 2160) eb=Rect(0, 0 - 1080, 2160) epz=Point(1080, 2160) d=0 taskParent=-1},{m=TO_BACK f=SHOW_WALLPAPER leash=Surface(name=Task=1)/@0x7e795c sb=Rect(0, 0 - 1080, 2160) eb=Rect(0, 0 - 1080, 2160) epz=Point(1080, 2160) d=0 taskParent=-1},{m=TO_BACK f=IS_WALLPAPER leash=Surface(name=WallpaperWindowToken{a2c73df showWhenLocked=false})/@0x7fbe465 sb=Rect(0, 0 - 1080, 2160) eb=Rect(0, 0 - 1080, 2160) epz=Point(1080, 2160) d=0}]}
05-13 22:34:13.094  3139  3161 V WindowManagerShell: loadAnimation: anim=android.view.animation.AnimationSet@d27cf48 animAttr=0x13 type=OPEN isEntrance=false
05-13 22:34:13.103  3139  3161 V WindowManagerShell: loadAnimation: anim=android.view.animation.AnimationSet@18e97f4 animAttr=0x12 type=OPEN isEntrance=true
05-13 22:34:13.108  3139  3161 V WindowManagerShell:  animated by com.android.wm.shell.transition.DefaultTransitionHandler@e7a9ded
05-13 22:34:13.126  7578  7578 D InputMonitorCompat: Input monitor (swipe-up-disp0) created
05-13 22:34:13.144  7578  7578 D InputMonitorCompat: Input event receiver for monitor (swipe-up-disp0) created
05-13 22:34:13.165   735   774 W PermissionService: getPermissionFlags: Unknown user -1
05-13 22:34:13.165   735   774 W PermissionService: getPermissionFlags: Unknown user -1
05-13 22:34:13.278 23115 23115 D nativeloader: Load /data/app/~~jPENOtP63v-x5ngpnYYtYw==/com.mentoraappnew-9AAVoMHU-SksbomFtYyxUQ==/base.apk!/lib/x86_64/libjsi.so using class loader ns clns-9 (caller=/data/app/~~jPENOtP63v-x5ngpnYYtYw==/com.mentoraappnew-9AAVoMHU-SksbomFtYyxUQ==/base.apk!classes2.dex): ok
05-13 22:34:13.317 17416 18666 I Icing   : IndexChimeraService.getServiceInterface callingPackage=com.google.android.gms componentName=AppsCorpus serviceId=36
05-13 22:34:13.366 23115 23115 D nativeloader: Load /data/app/~~jPENOtP63v-x5ngpnYYtYw==/com.mentoraappnew-9AAVoMHU-SksbomFtYyxUQ==/base.apk!/lib/x86_64/libfbjni.so using class loader ns clns-9 (caller=/data/app/~~jPENOtP63v-x5ngpnYYtYw==/com.mentoraappnew-9AAVoMHU-SksbomFtYyxUQ==/base.apk!classes2.dex): ok
05-13 22:34:13.413  3139  3161 V WindowManagerShell: Transition animation finished (aborted=false), notifying core (#86) android.os.BinderProxy@a68f79@0
05-13 22:34:13.439   735   771 V WindowManager: Finish Transition (#86): created at 05-13 22:34:12.050 collect-started=2.557ms request-sent=142.11ms started=311.419ms ready=420.833ms sent=1022.198ms commit=80.084ms finished=1363.907ms
05-13 22:34:13.456  3139  3161 V WindowManagerShell: Track 0 became idle
05-13 22:34:13.456  3139  3161 V WindowManagerShell: All active transition animations finished
05-13 22:34:13.493  7578  7578 D VRI[NexusLauncherActivity]: visibilityChanged oldVisibility=true newVisibility=false
05-13 22:34:13.502  7578  7578 D NexusLauncherModelDelegate: notifySmartspaceEvent: SmartspaceTargetEvent{mSmartspaceTarget=null, mSmartspaceActionId='null', mEventType=7}
05-13 22:34:13.529  3276  3634 W AiAiEcho: LyftNotificationParser Ridesharing ETA not enabled
05-13 22:34:13.529  3276  3634 I AiAiEcho: SmartspaceNotificationPredictor no parser can handle this notification or notification is invalid
05-13 22:34:13.547 23115 23115 D nativeloader: Load /data/app/~~jPENOtP63v-x5ngpnYYtYw==/com.mentoraappnew-9AAVoMHU-SksbomFtYyxUQ==/base.apk!/lib/x86_64/libreactnative.so using class loader ns clns-9 (caller=/data/app/~~jPENOtP63v-x5ngpnYYtYw==/com.mentoraappnew-9AAVoMHU-SksbomFtYyxUQ==/base.apk!classes2.dex): ok
05-13 22:34:13.548 23115 23115 D jni_lib_merge: Entering merged library JNI_OnLoad.
05-13 22:34:13.548 23115 23115 D jni_lib_merge: Preparing 12 pre-merged libs (including stub)
05-13 22:34:13.549 23115 23115 D jni_lib_merge: Preparing to register libfabricjni_so.  onload_func: 0x7581c5b27ef0
05-13 22:34:13.549 23115 23115 D jni_lib_merge: Preparing to register libreact_devsupportjni_so.  onload_func: 0x7581c5bf0fb0
05-13 22:34:13.549 23115 23115 D jni_lib_merge: Preparing to register libreact_featureflagsjni_so.  onload_func: 0x7581c5c02c10
05-13 22:34:13.549 23115 23115 D jni_lib_merge: Preparing to register libreact_newarchdefaults_so.  onload_func: 0x7581c5c3d870
05-13 22:34:13.549 23115 23115 D jni_lib_merge: Preparing to register libreactnativeblob_so.  onload_func: 0x7581c5cf2e60
05-13 22:34:13.549 23115 23115 D jni_lib_merge: Preparing to register libreactnativejni_so.  onload_func: 0x7581c5d09f70
05-13 22:34:13.549 23115 23115 D jni_lib_merge: Preparing to register libreactnativejni_common_so.  onload_func: 0x7581c5d10750
05-13 22:34:13.549 23115 23115 D jni_lib_merge: Preparing to register librninstance_so.  onload_func: 0x7581c5d2c850
05-13 22:34:13.549 23115 23115 D jni_lib_merge: Preparing to register libturbomodulejsijni_so.  onload_func: 0x7581c5ddb4e0
05-13 22:34:13.549 23115 23115 D jni_lib_merge: Preparing to register libuimanagerjni_so.  onload_func: 0x7581c5de3220
05-13 22:34:13.549 23115 23115 D jni_lib_merge: Preparing to register libyoga_so.  onload_func: 0x7581c5dea8a0
05-13 22:34:13.549 23115 23115 D jni_lib_merge: About to register 11 actual methods.
05-13 22:34:13.613   735   992 D BackgroundInstallControlService: Package event received: 0
05-13 22:34:13.660 17416 18671 I Icing   : IndexChimeraService.getServiceInterface callingPackage=com.google.android.gms componentName=null serviceId=30
05-13 22:34:13.667   735  1373 V Configuration: Updating configuration, locales updated from [] to [en_US]
05-13 22:34:13.667   735  1373 V Configuration: Updating configuration, locales updated from [] to [en_US]
05-13 22:34:13.668   735  1373 V Configuration: Updating configuration, locales updated from [] to [en_US]
05-13 22:34:13.668   735  1373 V Configuration: Updating configuration, locales updated from [] to [en_US]
05-13 22:34:13.676  7578  7578 I NotificationListener: received notification removed event - android#UserHandle{-1},category=-1
05-13 22:34:13.678   735  1373 V Configuration: Updating configuration, locales updated from [] to [en_US]
05-13 22:34:13.678   735  1373 V Configuration: Updating configuration, locales updated from [] to [en_US]
05-13 22:34:13.679   735  1373 V Configuration: Updating configuration, locales updated from [] to [en_US]
05-13 22:34:13.685 17416 17726 I Icing   : Usage reports ok 0, Failed Usage reports 0, indexed 0, rejected 0
05-13 22:34:13.706 23115 23115 D nativeloader: Load /data/app/~~jPENOtP63v-x5ngpnYYtYw==/com.mentoraappnew-9AAVoMHU-SksbomFtYyxUQ==/base.apk!/lib/x86_64/libreact_codegen_rnscreens.so using class loader ns clns-9 (caller=/data/app/~~jPENOtP63v-x5ngpnYYtYw==/com.mentoraappnew-9AAVoMHU-SksbomFtYyxUQ==/base.apk!classes2.dex): ok
05-13 22:34:13.706 23115 23115 D jni_lib_merge: Entering merged library JNI_OnLoad.
05-13 22:34:13.706 23115 23115 D jni_lib_merge: Preparing 12 pre-merged libs (including stub)
05-13 22:34:13.707 23115 23115 D jni_lib_merge: Preparing to register libfabricjni_so.  onload_func: 0x7581c5b27ef0
05-13 22:34:13.707 23115 23115 D jni_lib_merge: Preparing to register libreact_devsupportjni_so.  onload_func: 0x7581c5bf0fb0
05-13 22:34:13.707 23115 23115 D jni_lib_merge: Preparing to register libreact_featureflagsjni_so.  onload_func: 0x7581c5c02c10
05-13 22:34:13.708 23115 23115 D jni_lib_merge: Preparing to register libreact_newarchdefaults_so.  onload_func: 0x7581c5c3d870
05-13 22:34:13.708 23115 23115 D jni_lib_merge: Preparing to register libreactnativeblob_so.  onload_func: 0x7581c5cf2e60
05-13 22:34:13.708 23115 23115 D jni_lib_merge: Preparing to register libreactnativejni_so.  onload_func: 0x7581c5d09f70
05-13 22:34:13.709 23115 23115 D jni_lib_merge: Preparing to register libreactnativejni_common_so.  onload_func: 0x7581c5d10750
05-13 22:34:13.709 23115 23115 D jni_lib_merge: Preparing to register librninstance_so.  onload_func: 0x7581c5d2c850
05-13 22:34:13.709 23115 23115 D jni_lib_merge: Preparing to register libturbomodulejsijni_so.  onload_func: 0x7581c5ddb4e0
05-13 22:34:13.709 23115 23115 D jni_lib_merge: Preparing to register libuimanagerjni_so.  onload_func: 0x7581c5de3220
05-13 22:34:13.709 23115 23115 D jni_lib_merge: Preparing to register libyoga_so.  onload_func: 0x7581c5dea8a0
05-13 22:34:13.709 23115 23115 D jni_lib_merge: About to register 11 actual methods.
05-13 22:34:13.730 23115 23115 D nativeloader: Load /data/app/~~jPENOtP63v-x5ngpnYYtYw==/com.mentoraappnew-9AAVoMHU-SksbomFtYyxUQ==/base.apk!/lib/x86_64/libreact_codegen_rnsvg.so using class loader ns clns-9 (caller=/data/app/~~jPENOtP63v-x5ngpnYYtYw==/com.mentoraappnew-9AAVoMHU-SksbomFtYyxUQ==/base.apk!classes2.dex): ok
05-13 22:34:13.730 23115 23115 D jni_lib_merge: Entering merged library JNI_OnLoad.
05-13 22:34:13.731 23115 23115 D jni_lib_merge: Preparing 12 pre-merged libs (including stub)
05-13 22:34:13.731 23115 23115 D jni_lib_merge: Preparing to register libfabricjni_so.  onload_func: 0x7581c5b27ef0
05-13 22:34:13.732 23115 23115 D jni_lib_merge: Preparing to register libreact_devsupportjni_so.  onload_func: 0x7581c5bf0fb0
05-13 22:34:13.734 23115 23115 D jni_lib_merge: Preparing to register libreact_featureflagsjni_so.  onload_func: 0x7581c5c02c10
05-13 22:34:13.735 23115 23115 D jni_lib_merge: Preparing to register libreact_newarchdefaults_so.  onload_func: 0x7581c5c3d870
05-13 22:34:13.735 23115 23115 D jni_lib_merge: Preparing to register libreactnativeblob_so.  onload_func: 0x7581c5cf2e60
05-13 22:34:13.735 23115 23115 D jni_lib_merge: Preparing to register libreactnativejni_so.  onload_func: 0x7581c5d09f70
05-13 22:34:13.735 23115 23115 D jni_lib_merge: Preparing to register libreactnativejni_common_so.  onload_func: 0x7581c5d10750
05-13 22:34:13.736 23115 23115 D jni_lib_merge: Preparing to register librninstance_so.  onload_func: 0x7581c5d2c850
05-13 22:34:13.736 23115 23115 D jni_lib_merge: Preparing to register libturbomodulejsijni_so.  onload_func: 0x7581c5ddb4e0
05-13 22:34:13.736 23115 23115 D jni_lib_merge: Preparing to register libuimanagerjni_so.  onload_func: 0x7581c5de3220
05-13 22:34:13.736 23115 23115 D jni_lib_merge: Preparing to register libyoga_so.  onload_func: 0x7581c5dea8a0
05-13 22:34:13.736 23115 23115 D jni_lib_merge: About to register 11 actual methods.
